21:53:33 load1=2.99
21:53:33 harness start load1=2.99 uptime: 21:53  up 3 days,  9:54, 1 user, load averages: 2.99 2.96 3.32
21:53:48 harness end load1=2.99 exit=0
21:53:48 load1=2.99
21:53:48 suite chainhash-256 start load1=2.99 uptime: 21:53  up 3 days,  9:55, 1 user, load averages: 2.99 2.96 3.31
22:00:33 suite chainhash-256 end exit=0 load1=6.78
22:00:33 load1=6.78
22:01:03 load1=6.59
22:01:33 load1=7.66
22:02:03 load1=6.00
22:02:33 load1=5.30
22:03:03 load1=4.91
22:03:33 load1=5.01
22:04:03 load1=4.63
22:04:33 load1=4.08
22:05:03 load1=3.96
22:05:33 load1=3.79
22:06:03 load1=3.95
22:06:33 load1=5.53
22:07:03 load1=5.28
22:07:33 load1=4.86
22:08:03 load1=4.41
22:08:33 load1=4.42
22:09:03 load1=3.91
22:09:33 load1=3.62
22:10:03 load1=4.96
22:10:33 load1=5.20
22:11:03 load1=4.43
22:11:33 load1=3.90
22:12:03 load1=4.00
22:12:33 load1=5.87
22:13:03 load1=6.15
22:13:33 load1=4.81
22:14:03 load1=4.18
22:14:33 load1=3.77
22:15:03 load1=4.04
22:15:33 load1=4.85
22:16:03 load1=4.30
22:16:33 load1=4.19
22:17:03 load1=5.35
22:17:33 load1=4.60
22:18:03 load1=4.88
22:18:34 load1=10.99
22:19:04 load1=10.61
22:19:34 load1=8.90
22:20:04 load1=11.55
22:20:34 load gate timed out, proceeding at load1=11.55
22:20:34 suite chainhash-1k start load1=11.70 uptime: 22:20  up 3 days, 10:21, 1 user, load averages: 11.70 7.81 5.92
22:29:58 suite chainhash-1k end exit=0 load1=8.93
