### bench v4  load averages: 9.49 6.56 5.29
header: hdr/chainhash_v4.h; calibrated core frequency: 3.225 GHz; trials 21

== chainhash-256 <32,5,1> ==  cycles per call: tp (independent) | lat4 (SMHasher3-style serialization); min-based / median; GB/s from tp at the measured GHz
    len |   tp.min   tp.med |  lat.min  lat.med |     GB/s | GHz
      0 |      7.8      8.1 |      7.9      8.1 |     0.00 | 3.24
      1 |     11.1     11.4 |     70.9     71.3 |     0.29 | 3.20
      2 |     11.1     11.2 |     71.1     71.0 |     0.62 | 3.46
      3 |     10.8     11.2 |     71.6     71.4 |     0.96 | 3.47
      4 |     10.5     10.8 |     69.6     67.7 |     1.32 | 3.47
      5 |     10.6     11.0 |     69.3     69.0 |     1.60 | 3.40
      6 |     10.2     10.6 |     69.6     69.2 |     1.99 | 3.39
      7 |     10.6     10.7 |     69.0     68.9 |     2.27 | 3.45
      8 |     10.2     10.4 |     68.4     67.7 |     2.66 | 3.39
      9 |     10.6     10.3 |     67.3     67.4 |     2.95 | 3.47
     10 |     10.3     10.3 |     68.0     68.0 |     3.37 | 3.47
     11 |     10.0     10.1 |     67.1     67.2 |     3.67 | 3.33
     12 |     10.1     10.1 |     66.8     66.7 |     3.97 | 3.35
     13 |      9.6     10.1 |     67.1     66.6 |     4.49 | 3.32
     14 |      9.6     10.1 |     66.7     66.9 |     4.64 | 3.18
     15 |     10.1     10.0 |     66.4     67.2 |     4.84 | 3.25
     16 |     10.3     10.3 |     66.6     64.9 |     5.37 | 3.46
     17 |     13.3     13.7 |     67.8     68.5 |     4.42 | 3.46
     18 |     13.3     13.5 |     67.7     67.7 |     4.70 | 3.48
     19 |     13.3     13.6 |     67.6     67.5 |     4.95 | 3.47
     20 |     13.4     13.7 |     68.7     66.9 |     5.19 | 3.47
     21 |     13.6     13.7 |     66.9     67.5 |     5.34 | 3.46
     22 |     13.1     13.5 |     66.7     66.7 |     5.83 | 3.47
     23 |     13.2     13.3 |     66.8     66.4 |     6.09 | 3.49
     24 |     13.2     13.1 |     66.8     66.1 |     6.37 | 3.50
     25 |     13.1     13.2 |     66.9     66.8 |     6.65 | 3.48
     26 |     13.1     13.1 |     66.4     66.0 |     6.91 | 3.49
     27 |     13.2     13.2 |     66.1     66.4 |     7.15 | 3.50
     28 |     13.2     13.2 |     66.7     66.6 |     7.13 | 3.35
     29 |     13.2     13.2 |     66.8     66.6 |     7.37 | 3.35
     30 |     13.2     13.2 |     66.6     67.0 |     7.97 | 3.50
     31 |     13.2     13.2 |     66.8     66.7 |     8.23 | 3.50
     32 |     12.4     12.3 |     66.8     66.8 |     9.07 | 3.50
     47 |     15.3     15.2 |     68.6     68.6 |    10.75 | 3.50
     48 |     14.4     14.3 |     68.8     68.6 |    11.68 | 3.50
     63 |     17.6     17.4 |     70.5     70.4 |    12.56 | 3.50
     64 |     12.5     12.7 |     68.7     68.7 |    17.91 | 3.49
    100 |     19.3     19.3 |     74.8     74.8 |    18.13 | 3.50
    127 |     21.3     21.4 |     76.7     76.4 |    20.84 | 3.50
    128 |     16.7     16.7 |     70.5     70.4 |    26.82 | 3.50
    255 |     29.9     29.8 |     80.8     81.2 |    29.82 | 3.50
    256 |     24.7     25.0 |     74.6     74.5 |    36.24 | 3.50
    257 |     34.7     34.6 |     87.2     87.2 |    25.94 | 3.50
    511 |     54.2     54.7 |     87.2     87.2 |    33.01 | 3.50
    512 |     46.4     46.4 |     87.2     87.1 |    38.68 | 3.50
    513 |     51.4     52.7 |     99.4     99.4 |    33.47 | 3.36
   1024 |     75.3     75.7 |    110.0    109.1 |    45.36 | 3.34
   1025 |     79.8     79.4 |    120.7    120.4 |    44.89 | 3.49
   4096 |    249.1    247.2 |    266.6    265.5 |    57.58 | 3.50
  16384 |    916.9    902.2 |    924.6    919.8 |    62.12 | 3.48
   avg lat4 over 1..31 B: 67.77 (min-based)  67.56 (median)

== chainhash-1k <128,5,2> ==  cycles per call: tp (independent) | lat4 (SMHasher3-style serialization); min-based / median; GB/s from tp at the measured GHz
    len |   tp.min   tp.med |  lat.min  lat.med |     GB/s | GHz
      0 |      7.9      7.9 |      8.0      7.9 |     0.00 | 3.45
      1 |     11.6     11.6 |     72.6     73.1 |     0.29 | 3.36
      2 |     11.6     11.6 |     73.2     72.9 |     0.58 | 3.36
      3 |     11.6     11.5 |     73.3     73.0 |     0.91 | 3.50
      4 |     10.9     10.9 |     71.5     71.6 |     1.28 | 3.50
      5 |     10.9     10.9 |     71.8     71.7 |     1.60 | 3.50
      6 |     10.9     10.9 |     71.8     71.5 |     1.92 | 3.50
      7 |     10.9     10.9 |     71.8     71.6 |     2.24 | 3.50
      8 |     10.7     10.7 |     70.1     70.0 |     2.63 | 3.50
      9 |     10.7     10.6 |     69.5     69.9 |     2.96 | 3.50
     10 |     10.7     10.6 |     69.9     69.7 |     3.29 | 3.50
     11 |     10.7     10.8 |     70.6     70.5 |     3.61 | 3.50
     12 |     10.8     10.7 |     69.4     68.7 |     3.78 | 3.41
     13 |     10.7     10.6 |     69.5     69.7 |     4.27 | 3.50
     14 |     10.7     10.7 |     69.6     69.6 |     4.59 | 3.50
     15 |     10.7     10.6 |     69.8     69.3 |     4.93 | 3.50
     16 |     10.5     10.4 |     67.4     67.3 |     5.33 | 3.50
     17 |     13.6     13.6 |     71.7     70.7 |     4.36 | 3.50
     18 |     14.1     14.2 |     70.8     70.7 |     4.44 | 3.48
     19 |     13.7     13.7 |     70.3     69.9 |     4.85 | 3.50
     20 |     13.5     13.7 |     69.6     69.4 |     4.86 | 3.29
     21 |     13.7     13.7 |     69.7     69.4 |     5.15 | 3.36
     22 |     13.6     13.6 |     69.7     68.9 |     5.41 | 3.36
     23 |     13.7     13.5 |     69.7     69.7 |     5.90 | 3.50
     24 |     13.7     13.6 |     69.6     69.3 |     6.16 | 3.50
     25 |     13.6     13.6 |     69.6     69.4 |     6.41 | 3.50
     26 |     13.6     13.7 |     69.7     69.3 |     6.22 | 3.25
     27 |     13.7     13.6 |     69.7     69.5 |     6.45 | 3.26
     28 |     13.6     13.6 |     69.5     69.3 |     7.17 | 3.49
     29 |     13.6     13.7 |     69.7     69.5 |     7.45 | 3.50
     30 |     13.2     13.7 |     69.6     69.4 |     7.65 | 3.37
     31 |     13.7     13.7 |     69.7     69.6 |     7.93 | 3.50
     32 |     12.8     12.8 |     69.7     69.7 |     8.77 | 3.50
     47 |     15.9     16.0 |     71.8     71.6 |    10.32 | 3.49
     48 |     15.1     15.0 |     70.7     71.5 |    10.42 | 3.28
     63 |     18.2     18.2 |     74.1     73.9 |    11.54 | 3.33
     64 |     13.1     13.4 |     72.7     71.3 |    16.45 | 3.37
    100 |     19.9     20.0 |     77.6     77.1 |    17.47 | 3.48
    127 |     22.3     22.4 |     79.7     79.6 |    19.92 | 3.50
    128 |     17.4     17.6 |     74.1     74.0 |    25.76 | 3.50
    255 |     30.7     30.7 |     83.5     83.4 |    27.89 | 3.35
    256 |     26.1     26.0 |     77.7     77.6 |    32.98 | 3.36
    257 |     29.9     29.9 |     81.2     79.8 |    28.78 | 3.35
    511 |     48.8     48.8 |     93.6     92.0 |    36.60 | 3.49
    512 |     41.8     42.0 |     86.7     86.1 |    39.81 | 3.25
    513 |     50.9     52.7 |     95.1     97.5 |    33.68 | 3.34
   1024 |     77.2     77.5 |     96.2     97.8 |    43.11 | 3.25
   1025 |     86.2     88.6 |    116.5    119.4 |    40.40 | 3.40
   4096 |    250.6    251.5 |    269.5    255.8 |    53.14 | 3.25
  16384 |    886.9    860.3 |    892.3    901.7 |    60.03 | 3.25
   avg lat4 over 1..31 B: 70.33 (min-based)  70.14 (median)

== 64-byte blocks <8,5,1> ==  cycles per call: tp (independent) | lat4 (SMHasher3-style serialization); min-based / median; GB/s from tp at the measured GHz
    len |   tp.min   tp.med |  lat.min  lat.med |     GB/s | GHz
      0 |      8.0      8.0 |      7.8      8.0 |     0.00 | 3.35
      1 |     11.1     11.3 |     70.7     70.5 |     0.32 | 3.49
      2 |     10.9     10.9 |     70.8     70.5 |     0.64 | 3.49
      3 |     10.9     10.9 |     70.7     70.0 |     0.96 | 3.49
      4 |     10.9     10.6 |     69.2     68.6 |     1.29 | 3.50
      5 |     10.5     10.6 |     68.2     68.2 |     1.67 | 3.49
      6 |     10.5     10.5 |     68.3     68.4 |     1.92 | 3.35
      7 |     10.5     10.5 |     66.9     68.1 |     2.33 | 3.49
      8 |      9.6     10.1 |     67.1     67.1 |     2.74 | 3.29
      9 |     10.2     10.1 |     67.4     67.5 |     3.01 | 3.41
     10 |     10.1     10.1 |     67.3     67.3 |     3.47 | 3.49
     11 |     10.1     10.1 |     67.2     67.2 |     3.56 | 3.26
     12 |     10.1     10.1 |     66.8     66.8 |     4.16 | 3.50
     13 |     10.1     10.1 |     65.6     66.4 |     4.32 | 3.35
     14 |     10.1     10.1 |     66.8     66.8 |     4.87 | 3.50
     15 |     10.1     10.1 |     66.8     66.8 |     5.21 | 3.50
     16 |      9.7      9.8 |     64.4     64.7 |     5.52 | 3.33
     17 |     12.6     12.8 |     67.5     66.7 |     4.57 | 3.39
     18 |     12.5     12.7 |     67.0     66.6 |     4.97 | 3.46
     19 |     12.8     12.8 |     67.0     67.0 |     5.20 | 3.50
     20 |     12.8     12.8 |     66.5     66.5 |     5.45 | 3.49
     21 |     12.7     12.7 |     67.4     66.4 |     5.79 | 3.50
     22 |     12.8     12.9 |     66.6     66.5 |     5.69 | 3.30
     23 |     12.8     12.8 |     65.3     66.1 |     6.30 | 3.49
     24 |     12.7     12.9 |     66.4     66.6 |     6.60 | 3.49
     25 |     12.7     12.8 |     66.6     66.2 |     6.83 | 3.48
     26 |     12.7     12.7 |     66.5     66.4 |     7.16 | 3.49
     27 |     12.7     12.7 |     66.5     66.2 |     7.43 | 3.50
     28 |     12.7     12.6 |     66.6     66.7 |     7.73 | 3.49
     29 |     12.7     12.7 |     66.5     66.3 |     7.67 | 3.36
     30 |     12.6     12.6 |     66.5     66.5 |     8.31 | 3.50
     31 |     12.8     12.8 |     66.3     66.3 |     8.45 | 3.50
     32 |     12.3     12.3 |     66.4     66.3 |     9.08 | 3.50
     47 |     15.0     15.0 |     68.5     68.9 |    10.48 | 3.35
     48 |     14.4     14.4 |     68.5     68.4 |    11.68 | 3.50
     63 |     17.1     17.4 |     70.3     70.4 |    12.81 | 3.49
     64 |     12.1     12.1 |     69.0     68.8 |    18.48 | 3.50
    100 |     22.1     22.1 |     82.0     81.6 |    15.85 | 3.50
    127 |     23.5     23.5 |     81.5     81.4 |    18.90 | 3.50
    128 |     19.8     19.8 |     82.0     81.6 |    22.54 | 3.49
    255 |     35.8     35.5 |    103.7    103.2 |    24.94 | 3.50
    256 |     33.1     32.7 |    103.7    103.0 |    27.12 | 3.50
    257 |     39.1     39.1 |    114.7    114.3 |    23.04 | 3.50
    511 |     65.0     64.7 |    147.7    146.6 |    27.57 | 3.50
    512 |     62.3     61.9 |    147.7    145.7 |    28.81 | 3.50
    513 |     69.2     69.2 |    158.7    158.1 |    25.97 | 3.50
   1024 |    132.7    132.4 |    235.2    234.1 |    26.98 | 3.50
   1025 |    141.4    139.9 |    246.7    246.4 |    25.37 | 3.50
   4096 |    608.2    603.1 |    763.5    760.7 |    23.60 | 3.50
  16384 |   2719.8   2709.2 |   2868.7   2854.7 |    21.10 | 3.50
   avg lat4 over 1..31 B: 67.21 (min-based)  67.16 (median)
### bench v5  load averages: 9.05 6.52 5.28
header: hdr/chainhash_v5.h; calibrated core frequency: 3.472 GHz; trials 21

== chainhash-256 <32,5,1> ==  cycles per call: tp (independent) | lat4 (SMHasher3-style serialization); min-based / median; GB/s from tp at the measured GHz
    len |   tp.min   tp.med |  lat.min  lat.med |     GB/s | GHz
      0 |      8.0      7.9 |      8.0      7.9 |     0.00 | 3.50
      1 |     10.9     10.9 |     70.7     70.7 |     0.32 | 3.49
      2 |     10.8     10.7 |     70.4     70.6 |     0.64 | 3.50
      3 |     10.8     10.8 |     70.7     70.5 |     0.97 | 3.49
      4 |     10.5     10.4 |     68.4     67.9 |     1.34 | 3.50
      5 |     10.5     10.4 |     68.4     68.4 |     1.67 | 3.50
      6 |     10.5     10.4 |     68.3     68.3 |     2.01 | 3.50
      7 |     10.5     10.5 |     68.3     68.2 |     2.34 | 3.50
      8 |     10.1     10.1 |     66.9     66.7 |     2.78 | 3.50
      9 |     10.1     10.0 |     67.3     66.7 |     3.13 | 3.50
     10 |     10.1     10.1 |     67.1     66.7 |     3.47 | 3.50
     11 |     10.1     10.1 |     67.0     67.1 |     3.82 | 3.49
     12 |     10.1     10.1 |     66.7     66.3 |     4.16 | 3.50
     13 |      9.9     10.1 |     67.6     66.6 |     4.52 | 3.46
     14 |     10.1     10.0 |     66.8     66.8 |     4.86 | 3.50
     15 |     10.1     10.1 |     66.6     66.7 |     5.00 | 3.36
     16 |     10.2     10.1 |     64.9     64.4 |     5.27 | 3.36
     17 |     13.1     13.1 |     67.5     67.4 |     4.52 | 3.49
     18 |     13.2     13.2 |     67.5     67.3 |     4.78 | 3.50
     19 |     13.2     13.2 |     67.6     67.6 |     5.04 | 3.50
     20 |     13.1     13.1 |     66.6     66.4 |     5.32 | 3.49
     21 |     13.2     13.1 |     66.5     66.4 |     5.58 | 3.50
     22 |     13.2     13.1 |     66.5     66.0 |     5.84 | 3.49
     23 |     13.2     13.1 |     66.5     66.5 |     6.09 | 3.50
     24 |     13.2     13.2 |     66.5     66.3 |     6.36 | 3.50
     25 |     13.2     13.1 |     66.5     66.0 |     6.64 | 3.50
     26 |     13.2     13.1 |     66.7     66.2 |     6.89 | 3.50
     27 |     13.2     13.1 |     66.6     66.5 |     7.17 | 3.49
     28 |     13.2     13.2 |     66.6     66.2 |     7.42 | 3.50
     29 |     13.2     13.1 |     66.7     66.3 |     7.69 | 3.50
     30 |     13.1     13.1 |     66.6     66.1 |     7.98 | 3.49
     31 |     13.2     13.2 |     66.6     66.5 |     8.24 | 3.50
     32 |     12.1     12.4 |     66.0     66.6 |     8.68 | 3.28
     47 |     15.3     15.2 |     68.7     68.5 |    10.74 | 3.50
     48 |     14.4     14.2 |     68.6     68.3 |    11.68 | 3.50
     63 |     17.5     17.5 |     70.4     70.3 |    12.56 | 3.50
     64 |     12.1     12.5 |     68.7     68.7 |    17.74 | 3.36
    100 |     19.3     19.2 |     74.6     74.3 |    18.13 | 3.49
    127 |     21.3     21.3 |     76.8     76.5 |    20.85 | 3.50
    128 |     16.6     16.6 |     70.6     70.7 |    26.99 | 3.50
    255 |     29.9     29.6 |     80.2     79.1 |    29.86 | 3.50
    256 |     24.7     24.5 |     74.7     73.8 |    36.33 | 3.50
    257 |     34.7     34.3 |     87.3     86.2 |    25.98 | 3.50
    511 |     54.7     54.4 |     87.2     87.1 |    32.66 | 3.49
    512 |     46.4     48.2 |     87.3     87.1 |    38.62 | 3.50
    513 |     51.4     50.8 |     98.4     97.5 |    34.95 | 3.50
   1024 |     74.5     73.6 |    110.0    108.8 |    48.20 | 3.50
   1025 |     79.9     79.0 |    120.4    119.1 |    44.91 | 3.50
   4096 |    249.1    246.5 |    266.6    266.6 |    57.60 | 3.50
  16384 |    928.3    927.5 |    944.6    945.1 |    61.58 | 3.49
   avg lat4 over 1..31 B: 67.34 (min-based)  67.11 (median)

== chainhash-1k <128,5,2> ==  cycles per call: tp (independent) | lat4 (SMHasher3-style serialization); min-based / median; GB/s from tp at the measured GHz
    len |   tp.min   tp.med |  lat.min  lat.med |     GB/s | GHz
      0 |      8.0      8.0 |      8.0      8.0 |     0.00 | 3.34
      1 |     11.7     12.0 |     73.4     73.6 |     0.29 | 3.34
      2 |     11.6     11.6 |     73.4     73.3 |     0.56 | 3.26
      3 |     11.6     11.7 |     72.9     73.3 |     0.84 | 3.26
      4 |     11.2     11.0 |     71.8     71.7 |     1.15 | 3.23
      5 |     10.9     11.0 |     71.9     71.7 |     1.60 | 3.50
      6 |     10.9     11.0 |     71.9     71.7 |     1.92 | 3.50
      7 |     10.9     10.9 |     71.9     71.7 |     2.24 | 3.49
      8 |     10.6     10.6 |     70.3     70.3 |     2.64 | 3.50
      9 |     10.6     10.7 |     70.3     70.1 |     2.84 | 3.35
     10 |     10.7     10.7 |     70.2     70.2 |     3.28 | 3.50
     11 |     10.7     10.6 |     70.2     70.0 |     3.61 | 3.50
     12 |     10.6     10.6 |     69.8     69.9 |     3.94 | 3.50
     13 |     10.6     10.6 |     69.7     69.7 |     4.27 | 3.50
     14 |     10.7     10.6 |     69.6     69.7 |     4.60 | 3.50
     15 |     10.7     10.6 |     69.6     69.8 |     4.93 | 3.50
     16 |     10.2     10.5 |     67.3     67.3 |     5.50 | 3.50
     17 |     13.6     13.6 |     70.0     70.0 |     4.36 | 3.50
     18 |     13.7     13.7 |     70.2     70.0 |     4.60 | 3.50
     19 |     13.7     13.6 |     70.2     70.0 |     4.87 | 3.50
     20 |     13.7     13.8 |     69.9     69.8 |     4.88 | 3.35
     21 |     13.7     13.6 |     69.7     69.5 |     5.37 | 3.50
     22 |     13.7     13.5 |     69.6     69.5 |     5.62 | 3.50
     23 |     13.7     13.7 |     69.6     68.9 |     5.90 | 3.50
     24 |     13.7     13.5 |     69.7     69.6 |     6.16 | 3.50
     25 |     13.7     13.7 |     69.7     69.5 |     6.39 | 3.50
     26 |     13.7     13.7 |     69.7     69.8 |     6.66 | 3.50
     27 |     13.6     13.7 |     69.6     69.4 |     6.93 | 3.49
     28 |     13.7     13.7 |     69.7     69.6 |     6.86 | 3.36
     29 |     13.7     13.6 |     69.7     69.4 |     7.11 | 3.36
     30 |     13.7     13.7 |     69.6     69.4 |     7.68 | 3.49
     31 |     13.7     13.7 |     69.7     69.6 |     7.94 | 3.50
     32 |     12.8     12.6 |     69.6     69.6 |     8.78 | 3.50
     47 |     15.9     15.7 |     71.9     70.9 |    10.33 | 3.49
     48 |     14.6     14.8 |     71.7     70.9 |    10.43 | 3.17
     63 |     18.0     18.0 |     72.3     73.1 |    11.56 | 3.30
     64 |     13.5     13.6 |     71.7     71.8 |    16.40 | 3.46
    100 |     20.9     20.4 |     78.6     78.3 |    16.39 | 3.42
    127 |     22.8     23.0 |     80.4     79.9 |    18.58 | 3.34
    128 |     17.6     17.5 |     74.1     73.7 |    23.78 | 3.26
    255 |     30.1     30.6 |     84.8     83.4 |    27.32 | 3.22
    256 |     24.1     26.1 |     78.8     77.2 |    33.86 | 3.18
    257 |     29.9     29.7 |     78.5     79.8 |    27.80 | 3.23
    511 |     48.9     48.8 |     90.8     90.8 |    35.30 | 3.38
    512 |     40.0     41.2 |     85.6     85.1 |    41.52 | 3.25
    513 |     52.7     52.1 |     98.0     96.4 |    31.87 | 3.27
   1024 |     77.2     76.5 |     95.1     96.3 |    44.88 | 3.38
   1025 |     88.0     87.6 |    116.6    116.7 |    37.55 | 3.22
   4096 |    248.2    249.8 |    251.7    264.5 |    53.70 | 3.25
  16384 |    853.4    873.7 |    864.8    900.0 |    62.27 | 3.24
   avg lat4 over 1..31 B: 70.35 (min-based)  70.26 (median)

== 64-byte blocks <8,5,1> ==  cycles per call: tp (independent) | lat4 (SMHasher3-style serialization); min-based / median; GB/s from tp at the measured GHz
    len |   tp.min   tp.med |  lat.min  lat.med |     GB/s | GHz
      0 |      8.0      7.9 |      8.0      8.0 |     0.00 | 3.50
      1 |     10.9     10.9 |     70.6     70.6 |     0.32 | 3.50
      2 |     10.9     10.7 |     70.7     70.4 |     0.65 | 3.50
      3 |     10.9     10.7 |     70.9     70.1 |     0.97 | 3.50
      4 |     10.5     10.4 |     68.3     68.0 |     1.34 | 3.50
      5 |     10.5     10.3 |     68.2     67.8 |     1.67 | 3.50
      6 |     10.5     10.4 |     68.4     69.0 |     2.01 | 3.50
      7 |     10.4     10.5 |     68.5     68.3 |     2.34 | 3.49
      8 |     10.0     10.0 |     66.9     66.5 |     2.79 | 3.50
      9 |     10.1     10.0 |     66.8     66.9 |     3.13 | 3.50
     10 |     10.1     10.0 |     67.1     66.5 |     3.48 | 3.50
     11 |     10.1     10.0 |     67.3     67.3 |     3.83 | 3.50
     12 |     10.0     10.0 |     66.9     67.0 |     4.18 | 3.50
     13 |     10.1     10.1 |     65.4     66.7 |     4.51 | 3.49
     14 |     10.1     10.1 |     66.7     66.8 |     4.66 | 3.35
     15 |     10.0     10.1 |     67.0     67.0 |     5.22 | 3.50
     16 |      9.7      9.7 |     64.6     64.6 |     5.53 | 3.35
     17 |     12.7     12.7 |     67.1     67.1 |     4.69 | 3.50
     18 |     12.8     12.7 |     66.9     66.3 |     4.92 | 3.50
     19 |     12.8     12.7 |     67.1     66.8 |     5.18 | 3.50
     20 |     12.7     12.7 |     66.6     66.3 |     5.30 | 3.36
     21 |     12.7     12.7 |     66.5     66.4 |     5.56 | 3.35
     22 |     12.6     12.6 |     66.5     66.6 |     6.10 | 3.50
     23 |     12.6     12.6 |     66.5     66.3 |     6.37 | 3.50
     24 |     12.6     12.5 |     66.5     66.5 |     6.65 | 3.49
     25 |     12.6     12.5 |     66.6     66.8 |     6.93 | 3.50
     26 |     12.6     12.6 |     66.5     66.1 |     7.17 | 3.48
     27 |     12.6     12.7 |     66.5     66.4 |     7.48 | 3.50
     28 |     12.6     12.5 |     66.4     66.2 |     7.76 | 3.50
     29 |     12.6     12.6 |     66.4     66.3 |     8.04 | 3.50
     30 |     12.6     12.5 |     66.5     66.2 |     8.31 | 3.50
     31 |     12.6     12.5 |     66.5     66.0 |     8.59 | 3.50
     32 |     12.3     12.2 |     66.5     66.5 |     9.09 | 3.50
     47 |     15.1     14.9 |     68.5     67.8 |    10.94 | 3.50
     48 |     14.4     14.2 |     68.5     67.9 |    11.67 | 3.50
     63 |     17.2     17.0 |     70.4     70.2 |    12.86 | 3.50
     64 |     12.1     12.1 |     69.0     68.7 |    18.47 | 3.50
    100 |     22.1     22.1 |     82.0     81.1 |    15.87 | 3.50
    127 |     23.5     23.3 |     81.6     80.9 |    18.91 | 3.50
    128 |     19.8     19.6 |     82.0     81.1 |    22.63 | 3.50
    255 |     35.7     35.5 |    103.7    102.9 |    23.99 | 3.36
    256 |     33.0     32.8 |    103.8    103.8 |    26.02 | 3.36
    257 |     39.6     39.5 |    114.8    113.6 |    22.69 | 3.49
    511 |     64.9     64.4 |    147.7    146.1 |    27.58 | 3.50
    512 |     62.1     61.4 |    147.6    146.4 |    28.85 | 3.50
    513 |     69.2     68.9 |    158.7    157.4 |    25.98 | 3.50
   1024 |    132.8    131.4 |    235.3    233.0 |    27.01 | 3.50
   1025 |    141.7    140.1 |    246.7    244.6 |    25.34 | 3.50
   4096 |    607.8    605.7 |    763.4    756.0 |    23.60 | 3.50
  16384 |   2718.3   2687.8 |   2875.1   2847.1 |    21.10 | 3.50
   avg lat4 over 1..31 B: 67.22 (min-based)  67.09 (median)
### bench v6  load averages: 8.41 6.47 5.28
header: hdr/chainhash_v6.h; calibrated core frequency: 3.311 GHz; trials 21

== chainhash-256 <32,5,1> ==  cycles per call: tp (independent) | lat4 (SMHasher3-style serialization); min-based / median; GB/s from tp at the measured GHz
    len |   tp.min   tp.med |  lat.min  lat.med |     GB/s | GHz
      0 |      8.0      8.0 |      8.0      7.9 |     0.00 | 3.36
      1 |     11.0     10.8 |     71.0     70.5 |     0.30 | 3.35
      2 |     10.8     10.9 |     70.7     70.7 |     0.62 | 3.34
      3 |     10.8     10.8 |     70.6     70.6 |     0.93 | 3.35
      4 |     10.8     10.9 |     67.9     68.2 |     1.24 | 3.34
      5 |     10.3     10.5 |     68.4     68.3 |     1.59 | 3.28
      6 |     10.5     10.5 |     68.1     68.2 |     1.87 | 3.26
      7 |     10.3     10.5 |     68.3     68.3 |     2.24 | 3.30
      8 |     10.0     10.1 |     66.9     67.0 |     2.66 | 3.34
      9 |      9.8     10.0 |     66.7     66.7 |     3.12 | 3.40
     10 |     10.1     10.0 |     69.2     67.0 |     3.33 | 3.35
     11 |     10.0     10.1 |     67.9     67.0 |     3.83 | 3.50
     12 |     10.1     10.1 |     66.4     66.5 |     4.00 | 3.35
     13 |     10.0     10.2 |     67.6     66.9 |     4.23 | 3.26
     14 |      9.9     10.1 |     68.1     66.4 |     4.60 | 3.26
     15 |     10.1     10.0 |     67.9     66.3 |     4.85 | 3.26
     16 |     10.0     10.0 |     63.4     64.4 |     5.22 | 3.26
     17 |     13.1     13.1 |     67.1     67.3 |     4.33 | 3.34
     18 |     12.9     13.1 |     68.7     67.4 |     4.59 | 3.29
     19 |     13.1     13.1 |     67.4     67.2 |     4.82 | 3.33
     20 |     13.4     13.2 |     66.7     66.6 |     5.20 | 3.48
     21 |     13.1     13.0 |     66.7     66.3 |     5.49 | 3.43
     22 |     13.1     13.1 |     66.9     66.5 |     5.85 | 3.49
     23 |     13.2     13.1 |     66.5     66.3 |     5.87 | 3.36
     24 |     13.2     13.1 |     66.6     66.3 |     6.12 | 3.36
     25 |     13.2     13.1 |     66.2     66.5 |     6.25 | 3.29
     26 |     13.0     13.1 |     66.4     66.7 |     6.92 | 3.46
     27 |     13.2     13.1 |     66.5     66.4 |     7.18 | 3.50
     28 |     13.2     13.2 |     66.4     66.5 |     7.14 | 3.36
     29 |     13.1     13.0 |     66.8     66.3 |     7.40 | 3.35
     30 |     13.2     13.1 |     66.5     66.3 |     7.66 | 3.36
     31 |     13.2     13.1 |     66.5     66.4 |     7.91 | 3.36
     32 |     12.0     11.9 |     66.7     66.4 |     9.34 | 3.50
     47 |     15.1     15.0 |     68.6     68.2 |    10.43 | 3.36
     48 |     13.8     13.8 |     68.7     68.4 |    11.66 | 3.35
     63 |     17.2     17.2 |     70.6     70.2 |    12.25 | 3.35
     64 |     12.2     12.2 |     68.6     68.6 |    17.63 | 3.36
    100 |     18.9     18.9 |     74.8     74.7 |    17.75 | 3.35
    127 |     20.8     21.0 |     77.4     76.5 |    20.41 | 3.34
    128 |     16.3     16.5 |     70.5     70.5 |    26.33 | 3.36
    255 |     29.5     29.5 |     80.1     80.0 |    28.87 | 3.34
    256 |     24.0     24.2 |     74.8     74.5 |    34.77 | 3.26
    257 |     37.2     38.3 |     87.2     89.3 |    22.48 | 3.25
    511 |     56.3     57.2 |     89.4     89.0 |    31.46 | 3.47
    512 |     50.4     50.3 |     89.6     89.4 |    35.44 | 3.49
    513 |     55.6     54.9 |     97.4     96.5 |    31.02 | 3.36
   1024 |     79.4     78.9 |    104.9    104.2 |    43.35 | 3.36
   1025 |     83.9     83.4 |    113.2    112.2 |    40.93 | 3.35
   4096 |    258.5    255.4 |    272.9    269.9 |    53.23 | 3.36
  16384 |    943.9    936.9 |    959.5    949.8 |    58.19 | 3.35
   avg lat4 over 1..31 B: 67.45 (min-based)  67.16 (median)

== chainhash-1k <128,5,2> ==  cycles per call: tp (independent) | lat4 (SMHasher3-style serialization); min-based / median; GB/s from tp at the measured GHz
    len |   tp.min   tp.med |  lat.min  lat.med |     GB/s | GHz
      0 |      8.0      7.9 |      8.0      8.0 |     0.00 | 3.36
      1 |     11.6     11.5 |     73.2     72.9 |     0.29 | 3.35
      2 |     11.6     11.5 |     73.0     72.5 |     0.58 | 3.36
      3 |     11.6     11.5 |     73.3     73.0 |     0.87 | 3.36
      4 |     11.3     11.3 |     71.7     71.3 |     1.19 | 3.36
      5 |     10.9     10.9 |     71.8     71.1 |     1.54 | 3.36
      6 |     10.9     10.9 |     71.8     71.1 |     1.84 | 3.35
      7 |     10.9     10.9 |     71.4     71.7 |     2.15 | 3.34
      8 |     10.7     10.7 |     70.6     70.0 |     2.62 | 3.48
      9 |     10.7     10.5 |     70.2     69.8 |     2.84 | 3.36
     10 |     10.7     10.5 |     70.2     70.0 |     3.29 | 3.50
     11 |     10.6     10.6 |     70.2     69.6 |     3.61 | 3.50
     12 |     10.6     10.6 |     69.4     69.7 |     3.78 | 3.34
     13 |     10.6     10.6 |     69.5     69.6 |     4.10 | 3.35
     14 |     10.4     10.6 |     70.3     69.7 |     4.39 | 3.27
     15 |     10.6     10.6 |     69.8     69.4 |     4.71 | 3.34
     16 |     10.2     10.1 |     67.4     66.6 |     5.27 | 3.36
     17 |     13.6     13.5 |     69.9     69.3 |     4.19 | 3.36
     18 |     13.5     13.5 |     70.1     69.8 |     4.41 | 3.30
     19 |     13.6     13.6 |     70.1     70.0 |     4.64 | 3.34
     20 |     13.7     13.6 |     69.7     69.1 |     5.12 | 3.49
     21 |     13.6     13.5 |     69.6     69.1 |     5.17 | 3.34
     22 |     13.7     13.6 |     70.3     69.4 |     5.65 | 3.50
     23 |     13.6     13.6 |     70.0     70.2 |     5.66 | 3.35
     24 |     13.7     13.6 |     69.8     70.2 |     6.16 | 3.50
     25 |     13.6     13.9 |     69.4     69.6 |     6.41 | 3.50
     26 |     13.6     13.6 |     69.0     69.6 |     6.67 | 3.50
     27 |     13.6     13.6 |     69.7     69.2 |     6.65 | 3.36
     28 |     13.6     13.5 |     69.7     69.3 |     6.89 | 3.35
     29 |     13.6     13.5 |     68.7     69.1 |     7.14 | 3.36
     30 |     14.2     13.5 |     69.8     69.7 |     7.39 | 3.49
     31 |     13.7     14.0 |     71.6     69.4 |     7.89 | 3.49
     32 |     12.2     12.5 |     69.5     69.6 |     9.15 | 3.49
     47 |     15.7     16.3 |     71.8     71.4 |    10.04 | 3.35
     48 |     14.4     14.5 |     69.5     71.2 |    11.13 | 3.35
     63 |     17.8     17.8 |     73.6     73.4 |    11.87 | 3.36
     64 |     12.8     12.6 |     71.3     71.3 |    16.85 | 3.36
    100 |     19.5     19.4 |     77.6     77.3 |    17.21 | 3.36
    127 |     21.7     21.5 |     79.7     79.3 |    19.61 | 3.36
    128 |     17.1     17.1 |     73.8     73.5 |    25.10 | 3.36
    255 |     30.6     30.6 |     83.4     82.3 |    29.02 | 3.49
    256 |     25.7     25.5 |     79.9     77.2 |    33.34 | 3.35
    257 |     29.5     29.6 |     79.5     80.2 |    29.20 | 3.35
    511 |     49.3     49.4 |     91.8     90.8 |    35.93 | 3.47
    512 |     41.2     41.1 |     85.9     85.6 |    43.37 | 3.49
    513 |     55.4     55.3 |     99.5     99.0 |    32.15 | 3.47
   1024 |     80.9     80.5 |     99.5     99.5 |    42.50 | 3.36
   1025 |     89.9     89.7 |    116.1    113.7 |    38.21 | 3.35
   4096 |    258.9    259.9 |    270.5    272.6 |    52.85 | 3.34
  16384 |    891.6    892.2 |    903.5    903.7 |    61.58 | 3.35
   avg lat4 over 1..31 B: 70.36 (min-based)  70.04 (median)

== 64-byte blocks <8,5,1> ==  cycles per call: tp (independent) | lat4 (SMHasher3-style serialization); min-based / median; GB/s from tp at the measured GHz
    len |   tp.min   tp.med |  lat.min  lat.med |     GB/s | GHz
      0 |      7.9      8.0 |      8.0      8.0 |     0.00 | 3.27
      1 |     10.8     10.8 |     69.5     70.0 |     0.32 | 3.49
      2 |     10.8     10.9 |     70.8     70.5 |     0.62 | 3.33
      3 |     10.9     10.8 |     70.8     70.6 |     0.93 | 3.36
      4 |     10.8     10.8 |     68.6     68.6 |     1.24 | 3.36
      5 |     10.5     10.5 |     68.4     68.1 |     1.67 | 3.50
      6 |     10.5     10.4 |     67.9     68.2 |     1.87 | 3.26
      7 |     10.5     10.4 |     68.5     68.0 |     2.24 | 3.35
      8 |     10.0     10.0 |     66.9     66.7 |     2.67 | 3.35
      9 |     10.0     10.0 |     67.1     66.5 |     3.14 | 3.50
     10 |     10.0     10.0 |     66.6     66.5 |     3.48 | 3.49
     11 |     10.0     10.0 |     66.7     67.4 |     3.68 | 3.36
     12 |     10.0     10.0 |     68.7     66.9 |     4.18 | 3.50
     13 |     10.1     10.1 |     66.8     66.8 |     4.32 | 3.36
     14 |     10.1     10.0 |     66.7     66.3 |     4.66 | 3.36
     15 |     10.1     10.0 |     66.7     66.5 |     4.99 | 3.36
     16 |      9.7      9.6 |     64.4     64.1 |     5.53 | 3.36
     17 |     12.5     12.5 |     67.1     66.5 |     4.71 | 3.46
     18 |     12.6     12.5 |     67.1     66.5 |     4.78 | 3.36
     19 |     12.6     12.5 |     67.1     66.4 |     5.05 | 3.36
     20 |     12.6     12.5 |     66.6     65.8 |     5.31 | 3.34
     21 |     12.6     12.5 |     66.6     66.4 |     5.58 | 3.36
     22 |     12.6     12.6 |     66.6     66.4 |     5.85 | 3.36
     23 |     12.6     12.6 |     68.1     66.4 |     6.37 | 3.50
     24 |     12.6     12.5 |     66.6     66.5 |     6.38 | 3.34
     25 |     12.6     12.6 |     65.9     65.9 |     6.64 | 3.36
     26 |     12.5     12.5 |     65.6     66.1 |     7.20 | 3.47
     27 |     12.6     12.5 |     66.6     66.3 |     7.13 | 3.34
     28 |     12.6     12.6 |     66.9     66.2 |     7.74 | 3.50
     29 |     12.6     12.5 |     66.5     66.5 |     7.70 | 3.34
     30 |     12.6     12.7 |     66.3     66.5 |     7.96 | 3.36
     31 |     12.6     12.6 |     66.5     66.1 |     8.23 | 3.36
     32 |     12.0     11.9 |     66.9     66.0 |     8.93 | 3.36
     47 |     14.9     14.7 |     68.5     68.1 |    10.62 | 3.36
     48 |     14.1     14.0 |     67.8     67.8 |    11.41 | 3.36
     63 |     16.9     16.7 |     70.7     70.0 |    12.50 | 3.36
     64 |     12.3     12.4 |     69.0     68.8 |    17.47 | 3.36
    100 |     24.4     24.5 |     87.6     84.1 |    14.32 | 3.50
    127 |     26.3     26.0 |     84.0     83.0 |    16.46 | 3.41
    128 |     22.4     22.2 |     85.2     84.5 |    19.21 | 3.36
    255 |     38.5     38.2 |    100.2     99.1 |    22.22 | 3.36
    256 |     34.1     33.8 |    100.8     99.6 |    25.21 | 3.36
    257 |     39.8     39.6 |    109.0    108.5 |    21.64 | 3.35
    511 |     62.8     62.4 |    131.9    131.3 |    27.24 | 3.35
    512 |     59.6     59.3 |    132.4    132.1 |    30.11 | 3.50
    513 |     65.1     64.9 |    139.7    139.6 |    25.73 | 3.26
   1024 |    117.0    116.0 |    195.4    194.5 |    29.41 | 3.36
   1025 |    123.0    124.5 |    200.9    204.6 |    27.84 | 3.34
   4096 |    473.6    473.8 |    580.1    574.4 |    29.89 | 3.46
  16384 |   1992.4   1992.7 |   2112.4   2108.3 |    28.42 | 3.46
   avg lat4 over 1..31 B: 67.26 (min-based)  66.97 (median)
### bench2 v4  load averages: 7.73 6.39 5.26
header: hdr/chainhash_v4.h; calibrated core frequency: 3.310 GHz; trials 21

== chainhash-256 <32,5,1> ==  cycles per call, min-based / median:  lat4 | lat4s (store+reload of out[]) | lat4i (hash_into)
    len |     lat4      med |    lat4s      med |    lat4i      med
      1 |     70.6     70.5 |     70.6     70.3 |      0.0      0.0
      2 |     70.9     70.7 |     70.7     70.7 |      0.0      0.0
      3 |     70.7     70.6 |     70.8     70.3 |      0.0      0.0
      4 |     68.5     68.1 |     65.9     68.3 |      0.0      0.0
      5 |     67.6     68.3 |     68.3     68.4 |      0.0      0.0
      6 |     68.3     68.1 |     68.2     68.6 |      0.0      0.0
      7 |     68.8     68.3 |     68.3     68.0 |      0.0      0.0
      8 |     67.1     66.7 |     66.5     66.7 |      0.0      0.0
      9 |     67.3     66.7 |     67.2     66.9 |      0.0      0.0
     10 |     67.1     66.6 |     67.0     67.1 |      0.0      0.0
     11 |     67.4     67.3 |     67.5     67.4 |      0.0      0.0
     12 |     67.4     67.3 |     67.5     67.6 |      0.0      0.0
     13 |     66.7     66.6 |     66.5     66.1 |      0.0      0.0
     14 |     66.7     66.7 |     66.8     66.6 |      0.0      0.0
     15 |     66.8     66.6 |     66.7     66.6 |      0.0      0.0
     16 |     64.0     64.0 |     64.9     64.7 |      0.0      0.0
     17 |     67.6     67.6 |     67.6     67.5 |      0.0      0.0
     18 |     67.5     67.2 |     67.5     67.7 |      0.0      0.0
     19 |     67.6     67.4 |     67.8     67.8 |      0.0      0.0
     20 |     66.6     66.5 |     66.7     66.1 |      0.0      0.0
     21 |     66.0     66.6 |     66.6     66.7 |      0.0      0.0
     22 |     66.8     66.7 |     66.6     66.6 |      0.0      0.0
     23 |     66.7     66.6 |     66.7     66.6 |      0.0      0.0
     24 |     66.6     66.6 |     66.5     66.4 |      0.0      0.0
     25 |     66.6     66.7 |     66.6     66.7 |      0.0      0.0
     26 |     66.6     66.6 |     66.7     66.6 |      0.0      0.0
     27 |     66.7     66.9 |     66.6     66.5 |      0.0      0.0
     28 |     66.6     66.6 |     66.8     66.4 |      0.0      0.0
     29 |     66.8     66.6 |     66.7     66.6 |      0.0      0.0
     30 |     66.7     66.6 |     66.5     66.5 |      0.0      0.0
     31 |     66.5     66.7 |     66.8     66.8 |      0.0      0.0
     32 |     66.4     66.1 |     66.7     66.3 |      0.0      0.0
     64 |     68.4     68.7 |     68.7     68.8 |      0.0      0.0
    100 |     74.9     74.7 |     74.4     74.5 |      0.0      0.0
    255 |     80.8     80.0 |     80.2     79.4 |      0.0      0.0
    256 |     73.8     74.5 |     74.8     74.4 |      0.0      0.0
    512 |     87.9     87.0 |     87.2     87.2 |      0.0      0.0
   1024 |    109.6    109.5 |    109.7    109.7 |      0.0      0.0
   avg over 1..31 B (min-based): lat4 67.36  lat4s 67.30  lat4i 0.00

== chainhash-1k <128,5,2> ==  cycles per call, min-based / median:  lat4 | lat4s (store+reload of out[]) | lat4i (hash_into)
    len |     lat4      med |    lat4s      med |    lat4i      med
      1 |     73.4     73.0 |     73.4     73.1 |      0.0      0.0
      2 |     73.3     73.3 |     73.3     73.3 |      0.0      0.0
      3 |     73.4     73.2 |     73.3     73.3 |      0.0      0.0
      4 |     71.7     71.6 |     71.9     72.0 |      0.0      0.0
      5 |     71.0     71.7 |     72.1     71.9 |      0.0      0.0
      6 |     71.8     71.6 |     71.8     71.4 |      0.0      0.0
      7 |     71.8     72.0 |     72.0     71.8 |      0.0      0.0
      8 |     70.4     70.1 |     70.4     70.3 |      0.0      0.0
      9 |     70.3     70.5 |     69.4     70.1 |      0.0      0.0
     10 |     72.8     70.3 |     70.1     70.1 |      0.0      0.0
     11 |     70.4     70.4 |     70.4     70.3 |      0.0      0.0
     12 |     70.1     69.8 |     69.8     69.8 |      0.0      0.0
     13 |     69.8     69.6 |     69.8     69.8 |      0.0      0.0
     14 |     70.1     69.8 |     69.7     69.4 |      0.0      0.0
     15 |     69.7     69.7 |     69.6     69.9 |      0.0      0.0
     16 |     67.4     67.3 |     67.4     67.3 |      0.0      0.0
     17 |     70.3     69.9 |     70.1     70.1 |      0.0      0.0
     18 |     68.3     70.0 |     70.2     69.7 |      0.0      0.0
     19 |     70.2     70.0 |     70.2     70.2 |      0.0      0.0
     20 |     69.5     69.9 |     69.5     69.7 |      0.0      0.0
     21 |     69.8     69.6 |     69.5     69.6 |      0.0      0.0
     22 |     69.7     69.6 |     69.6     69.4 |      0.0      0.0
     23 |     69.7     69.7 |     69.8     69.7 |      0.0      0.0
     24 |     69.8     69.8 |     69.6     69.6 |      0.0      0.0
     25 |     69.8     69.5 |     69.7     69.5 |      0.0      0.0
     26 |     69.6     69.6 |     69.7     69.8 |      0.0      0.0
     27 |     69.7     69.7 |     69.7     69.5 |      0.0      0.0
     28 |     69.7     69.5 |     69.6     69.5 |      0.0      0.0
     29 |     69.7     69.7 |     69.8     69.5 |      0.0      0.0
     30 |     69.7     69.3 |     69.7     69.9 |      0.0      0.0
     31 |     71.1     69.7 |     69.9     69.7 |      0.0      0.0
     32 |     69.3     70.1 |     69.5     69.9 |      0.0      0.0
     64 |     71.8     71.4 |     72.1     71.4 |      0.0      0.0
    100 |     77.6     77.8 |     78.5     78.7 |      0.0      0.0
    255 |     82.3     84.1 |     87.1     84.3 |      0.0      0.0
    256 |     78.5     78.2 |     78.0     78.3 |      0.0      0.0
    512 |     87.1     87.2 |     88.9     87.2 |      0.0      0.0
   1024 |     98.2     99.6 |    101.0    100.0 |      0.0      0.0
   avg over 1..31 B (min-based): lat4 70.45  lat4s 70.36  lat4i 0.00
### bench2 v5  load averages: 7.59 6.38 5.27
header: hdr/chainhash_v5.h; calibrated core frequency: 3.273 GHz; trials 21

== chainhash-256 <32,5,1> ==  cycles per call, min-based / median:  lat4 | lat4s (store+reload of out[]) | lat4i (hash_into)
    len |     lat4      med |    lat4s      med |    lat4i      med
      1 |     71.4     71.0 |     71.1     70.4 |     76.6     75.6
      2 |     70.6     71.1 |     70.1     70.5 |     76.9     75.7
      3 |     70.9     70.6 |     70.7     70.3 |     75.6     75.6
      4 |     68.7     68.6 |     68.0     68.6 |     73.3     74.1
      5 |     71.1     68.3 |     68.9     69.2 |     73.9     73.8
      6 |     68.3     67.6 |     68.9     68.2 |     74.0     74.1
      7 |     68.4     67.8 |     68.8     68.6 |     73.9     73.2
      8 |     67.2     67.1 |     67.3     67.1 |     72.0     71.5
      9 |     67.3     66.7 |     67.3     67.1 |     71.9     72.1
     10 |     67.4     67.1 |     67.5     67.1 |     71.9     71.5
     11 |     67.1     66.8 |     67.2     66.7 |     71.9     71.2
     12 |     66.8     66.4 |     66.7     66.8 |     71.8     71.0
     13 |     66.8     66.3 |     66.7     66.2 |     71.7     71.5
     14 |     67.0     66.5 |     66.8     66.1 |     71.5     71.3
     15 |     66.7     67.0 |     66.7     66.7 |     71.7     71.5
     16 |     64.7     64.6 |     64.3     64.2 |     69.2     69.1
     17 |     67.4     67.4 |     67.3     67.0 |     72.1     72.1
     18 |     67.6     67.4 |     67.4     66.8 |     72.2     72.5
     19 |     67.6     67.3 |     67.4     67.3 |     72.2     72.1
     20 |     66.7     66.5 |     66.3     66.3 |     71.2     70.9
     21 |     66.6     66.5 |     66.2     65.6 |     71.2     70.3
     22 |     66.7     66.4 |     66.3     66.4 |     71.2     70.7
     23 |     66.5     66.3 |     66.3     66.1 |     71.2     70.5
     24 |     66.7     66.7 |     66.2     65.6 |     71.2     70.4
     25 |     66.6     66.4 |     66.1     65.6 |     70.9     70.6
     26 |     66.4     66.7 |     66.6     66.4 |     71.2     71.1
     27 |     65.8     66.6 |     66.7     66.1 |     71.2     71.2
     28 |     66.8     66.5 |     66.5     65.6 |     71.2     70.7
     29 |     66.7     66.6 |     66.5     65.9 |     71.2     70.8
     30 |     66.7     66.2 |     66.3     66.1 |     71.2     71.0
     31 |     66.8     66.2 |     66.2     66.2 |     71.2     70.6
     32 |     66.8     66.7 |     66.4     66.3 |     71.7     71.6
     64 |     68.7     68.5 |     68.6     68.4 |     73.7     73.1
    100 |     74.3     74.5 |     74.6     74.4 |     79.7     79.5
    255 |     81.0     80.3 |     80.4     80.2 |     85.7     84.7
    256 |     74.8     74.0 |     74.7     74.3 |     79.6     79.0
    512 |     86.7     86.1 |     87.7     87.1 |     91.1     91.6
   1024 |    110.0    108.5 |    109.8    108.3 |    113.8    113.0
   avg over 1..31 B (min-based): lat4 67.48  lat4s 67.27  lat4i 72.20

== chainhash-1k <128,5,2> ==  cycles per call, min-based / median:  lat4 | lat4s (store+reload of out[]) | lat4i (hash_into)
    len |     lat4      med |    lat4s      med |    lat4i      med
      1 |     73.5     73.5 |     73.5     72.6 |     78.6     77.8
      2 |     72.5     72.4 |     73.4     72.9 |     78.5     78.0
      3 |     73.3     72.5 |     73.4     72.8 |     78.6     78.1
      4 |     71.9     71.5 |     71.8     71.6 |     77.2     76.6
      5 |     71.7     71.2 |     72.0     71.7 |     76.0     76.5
      6 |     71.9     72.0 |     71.8     71.0 |     77.3     77.1
      7 |     71.9     71.8 |     72.0     70.7 |     77.1     76.4
      8 |     70.0     68.9 |     70.4     69.8 |     75.4     75.2
      9 |     70.2     69.8 |     70.3     69.6 |     75.1     74.4
     10 |     70.0     70.1 |     70.1     69.6 |     75.4     74.6
     11 |     70.0     69.2 |     70.1     69.6 |     75.2     74.5
     12 |     69.8     69.5 |     69.8     69.9 |     75.1     74.5
     13 |     69.3     68.6 |     69.7     69.5 |     74.8     74.4
     14 |     69.6     69.2 |     69.8     69.3 |     74.6     75.2
     15 |     69.8     69.5 |     70.1     69.7 |     74.8     74.5
     16 |     67.3     67.0 |     67.8     66.8 |     72.3     71.3
     17 |     70.2     69.8 |     70.3     69.5 |     75.4     75.6
     18 |     69.2     69.9 |     70.3     69.8 |     75.4     74.9
     19 |     70.2     68.8 |     70.2     69.9 |     75.5     75.0
     20 |     69.8     69.2 |     69.4     68.6 |     75.5     75.1
     21 |     69.8     69.0 |     69.4     68.8 |     75.6     75.5
     22 |     69.8     69.1 |     69.4     69.1 |     75.2     74.8
     23 |     69.7     69.3 |     69.5     69.0 |     75.1     75.3
     24 |     69.4     68.9 |     69.6     68.9 |     76.9     74.8
     25 |     68.9     68.9 |     70.2     68.8 |     73.8     75.2
     26 |     69.6     69.8 |     68.6     68.9 |     75.4     74.6
     27 |     69.4     69.1 |     69.3     69.1 |     75.0     75.3
     28 |     70.3     69.5 |     70.8     69.8 |     74.7     75.4
     29 |     70.2     69.9 |     69.5     69.5 |     76.6     75.4
     30 |     70.5     69.0 |     68.5     69.0 |     74.0     74.8
     31 |     70.1     69.7 |     69.2     68.9 |     76.0     75.2
     32 |     70.2     70.0 |     70.0     69.6 |     76.1     74.9
     64 |     72.3     71.9 |     72.4     71.6 |     76.6     78.0
    100 |     79.1     78.5 |     79.5     77.7 |     82.8     82.8
    255 |     84.2     84.5 |     83.4     83.5 |     88.5     88.3
    256 |     77.7     77.6 |     77.8     78.5 |     82.2     83.4
    512 |     85.8     85.8 |     85.8     85.9 |     92.1     89.8
   1024 |     96.8     97.0 |     98.9     98.1 |    102.7    102.7
   avg over 1..31 B (min-based): lat4 70.33  lat4s 70.32  lat4i 75.68
### harness v4  load averages: 6.58 6.20 5.22
Reading random bytes from seed
{"name":"ChainHash, 64 B blocks, K=5+twist","size_bytes":16384,"gbps":20.4869,"gbps_min":19.2381,"gbps_max":20.7115,"ns_per_call":799.73,"reps":639906,"runs":5,"impl_source":"tools/bench/chainhash/chainhash.h"}
{"name":"ChainHash, 256 B blocks, K=5+twist","size_bytes":16384,"gbps":58.4110,"gbps_min":58.0608,"gbps_max":58.6779,"ns_per_call":280.50,"reps":1774749,"runs":5,"impl_source":"tools/bench/chainhash/chainhash.h"}
{"name":"ChainHash, 1 KB blocks, K=5+twist, S=2","size_bytes":16384,"gbps":60.6877,"gbps_min":49.5285,"gbps_max":61.0738,"ns_per_call":269.97,"reps":1885612,"runs":5,"impl_source":"tools/bench/chainhash/chainhash.h"}
{"name":"ChainHash, 64 B blocks, K=5+twist","size_bytes":512,"gbps":26.3863,"gbps_min":26.2177,"gbps_max":26.5224,"ns_per_call":19.40,"reps":25422644,"runs":5,"impl_source":"tools/bench/chainhash/chainhash.h"}
{"name":"ChainHash, 256 B blocks, K=5+twist","size_bytes":512,"gbps":34.3315,"gbps_min":33.8337,"gbps_max":35.2030,"ns_per_call":14.91,"reps":35345705,"runs":5,"impl_source":"tools/bench/chainhash/chainhash.h"}
{"name":"ChainHash, 1 KB blocks, K=5+twist, S=2","size_bytes":512,"gbps":39.0381,"gbps_min":38.9820,"gbps_max":39.5267,"ns_per_call":13.12,"reps":38900203,"runs":5,"impl_source":"tools/bench/chainhash/chainhash.h"}
### harness v5  load averages: 6.08 6.11 5.20
Reading random bytes from seed
{"name":"ChainHash, 64 B blocks, K=5+twist","size_bytes":16384,"gbps":19.7250,"gbps_min":19.5785,"gbps_max":19.7647,"ns_per_call":830.62,"reps":598981,"runs":5,"impl_source":"tools/bench/chainhash/chainhash.h"}
{"name":"ChainHash, 256 B blocks, K=5+twist","size_bytes":16384,"gbps":58.6106,"gbps_min":58.5145,"gbps_max":58.7342,"ns_per_call":279.54,"reps":1772799,"runs":5,"impl_source":"tools/bench/chainhash/chainhash.h"}
{"name":"ChainHash, 1 KB blocks, K=5+twist, S=2","size_bytes":16384,"gbps":61.7143,"gbps_min":61.4384,"gbps_max":62.7345,"ns_per_call":265.48,"reps":1882173,"runs":5,"impl_source":"tools/bench/chainhash/chainhash.h"}
{"name":"ChainHash, 64 B blocks, K=5+twist","size_bytes":512,"gbps":26.9134,"gbps_min":26.7497,"gbps_max":27.0099,"ns_per_call":19.02,"reps":26364596,"runs":5,"impl_source":"tools/bench/chainhash/chainhash.h"}
{"name":"ChainHash, 256 B blocks, K=5+twist","size_bytes":512,"gbps":36.4746,"gbps_min":36.2166,"gbps_max":37.0331,"ns_per_call":14.04,"reps":35835276,"runs":5,"impl_source":"tools/bench/chainhash/chainhash.h"}
{"name":"ChainHash, 1 KB blocks, K=5+twist, S=2","size_bytes":512,"gbps":40.1012,"gbps_min":39.1151,"gbps_max":40.5739,"ns_per_call":12.77,"reps":38764780,"runs":5,"impl_source":"tools/bench/chainhash/chainhash.h"}
### harness v6  load averages: 5.30 5.94 5.16
Reading random bytes from seed
{"name":"ChainHash, 64 B blocks, K=5+twist","size_bytes":16384,"gbps":27.1897,"gbps_min":25.8581,"gbps_max":27.2876,"ns_per_call":602.58,"reps":803032,"runs":5,"impl_source":"tools/bench/chainhash/chainhash.h"}
{"name":"ChainHash, 256 B blocks, K=5+twist","size_bytes":16384,"gbps":58.1799,"gbps_min":58.0097,"gbps_max":58.4036,"ns_per_call":281.61,"reps":1780769,"runs":5,"impl_source":"tools/bench/chainhash/chainhash.h"}
{"name":"ChainHash, 1 KB blocks, K=5+twist, S=2","size_bytes":16384,"gbps":61.8815,"gbps_min":61.5508,"gbps_max":62.2798,"ns_per_call":264.76,"reps":1875989,"runs":5,"impl_source":"tools/bench/chainhash/chainhash.h"}
{"name":"ChainHash, 64 B blocks, K=5+twist","size_bytes":512,"gbps":27.8045,"gbps_min":26.7135,"gbps_max":27.9268,"ns_per_call":18.41,"reps":27357815,"runs":5,"impl_source":"tools/bench/chainhash/chainhash.h"}
{"name":"ChainHash, 256 B blocks, K=5+twist","size_bytes":512,"gbps":32.3640,"gbps_min":32.2514,"gbps_max":34.0531,"ns_per_call":15.82,"reps":32489555,"runs":5,"impl_source":"tools/bench/chainhash/chainhash.h"}
{"name":"ChainHash, 1 KB blocks, K=5+twist, S=2","size_bytes":512,"gbps":40.6363,"gbps_min":40.2170,"gbps_max":41.1163,"ns_per_call":12.60,"reps":40025869,"runs":5,"impl_source":"tools/bench/chainhash/chainhash.h"}
### done load averages: 4.49 5.72 5.09
