### bench v5  load averages: 2.09 4.33 4.62
header: hdr/chainhash_v5.h; calibrated core frequency: 3.256 GHz; trials 21

== chainhash-256 <32,5,1> ==  cycles per call: tp (independent) | lat4 (SMHasher3-style serialization); min-based / median; GB/s from tp at the measured GHz
    len |   tp.min   tp.med |  lat.min  lat.med |     GB/s | GHz
      0 |      8.0      8.0 |      8.0      7.9 |     0.00 | 3.35
      1 |     11.0     11.0 |     70.3     70.2 |     0.30 | 3.34
      2 |     10.4     10.9 |     72.5     70.8 |     0.64 | 3.34
      3 |     10.7     10.8 |     70.2     70.2 |     0.97 | 3.46
      4 |     10.5     10.3 |     68.2     67.9 |     1.34 | 3.50
      5 |     10.5     10.3 |     68.4     67.5 |     1.67 | 3.50
      6 |     10.5     10.3 |     68.3     67.9 |     2.01 | 3.50
      7 |     10.5     10.3 |     68.4     67.9 |     2.34 | 3.50
      8 |     10.0     10.0 |     67.1     66.5 |     2.78 | 3.49
      9 |     10.1     10.0 |     66.9     66.6 |     3.13 | 3.50
     10 |      9.9     10.0 |     67.0     66.6 |     3.48 | 3.46
     11 |     10.1     10.0 |     67.0     66.7 |     3.82 | 3.50
     12 |     10.0     10.0 |     66.8     66.1 |     4.17 | 3.49
     13 |      9.9     10.0 |     66.8     66.1 |     4.35 | 3.31
     14 |     10.1     10.0 |     67.4     66.8 |     4.68 | 3.36
     15 |     10.1     10.1 |     66.7     66.8 |     4.99 | 3.35
     16 |     10.0     10.0 |     65.0     65.1 |     5.35 | 3.35
     17 |     13.3     13.4 |     67.5     67.4 |     4.27 | 3.34
     18 |     13.2     13.6 |     69.8     68.0 |     4.56 | 3.34
     19 |     13.6     13.4 |     69.4     67.7 |     4.82 | 3.46
     20 |     13.6     13.7 |     66.8     66.9 |     4.90 | 3.32
     21 |     13.2     13.2 |     66.7     67.0 |     5.32 | 3.34
     22 |     13.2     13.2 |     66.6     66.6 |     5.43 | 3.26
     23 |     13.2     13.3 |     66.8     66.6 |     5.85 | 3.36
     24 |     13.3     13.7 |     66.6     66.6 |     5.86 | 3.26
     25 |     14.0     14.0 |     67.6     67.1 |     5.91 | 3.31
     26 |     12.8     13.1 |     66.4     66.3 |     6.41 | 3.16
     27 |     13.2     13.1 |     66.4     66.5 |     6.85 | 3.36
     28 |     13.2     13.0 |     66.7     66.3 |     6.89 | 3.25
     29 |     13.6     13.2 |     67.3     66.5 |     6.99 | 3.26
     30 |     13.2     13.2 |     66.4     66.3 |     7.39 | 3.26
     31 |     13.2     13.1 |     66.9     66.6 |     7.64 | 3.25
     32 |     12.4     12.3 |     66.7     66.5 |     8.44 | 3.26
     47 |     15.1     15.2 |     68.0     67.9 |    10.31 | 3.30
     48 |     14.4     14.5 |     68.6     68.6 |    11.61 | 3.49
     63 |     17.8     17.4 |     70.0     69.6 |    11.79 | 3.32
     64 |     12.4     12.4 |     68.2     68.7 |    17.20 | 3.32
    100 |     19.3     19.3 |     75.6     75.4 |    17.34 | 3.35
    127 |     21.3     21.5 |     76.4     76.8 |    20.80 | 3.49
    128 |     16.6     16.7 |     70.4     70.8 |    25.83 | 3.35
    255 |     30.9     30.0 |     79.5     80.0 |    28.41 | 3.44
    256 |     24.6     25.0 |     74.6     74.5 |    36.41 | 3.50
    257 |     34.7     34.5 |     87.0     87.1 |    25.96 | 3.50
    511 |     54.7     54.6 |     87.1     86.7 |    31.31 | 3.35
    512 |     46.5     46.6 |     87.0     87.1 |    36.96 | 3.36
    513 |     51.5     51.5 |     98.4     98.2 |    33.46 | 3.36
   1024 |     74.4     74.3 |    109.5    109.4 |    46.01 | 3.34
   1025 |     79.7     79.4 |    120.6    120.2 |    43.06 | 3.35
   4096 |    247.1    248.1 |    266.2    264.2 |    55.23 | 3.33
  16384 |    923.7    914.8 |    944.7    940.1 |    62.14 | 3.50
   avg lat4 over 1..31 B: 67.57 (min-based)  67.16 (median)

== chainhash-1k <128,5,2> ==  cycles per call: tp (independent) | lat4 (SMHasher3-style serialization); min-based / median; GB/s from tp at the measured GHz
    len |   tp.min   tp.med |  lat.min  lat.med |     GB/s | GHz
      0 |      8.0      7.9 |      7.9      7.9 |     0.00 | 3.36
      1 |     11.6     11.5 |     73.2     72.6 |     0.29 | 3.36
      2 |     11.6     11.6 |     73.3     72.8 |     0.58 | 3.36
      3 |     11.6     11.4 |     73.2     73.0 |     0.87 | 3.36
      4 |     10.9     11.0 |     72.4     72.6 |     1.23 | 3.35
      5 |     11.3     11.6 |     71.9     72.1 |     1.42 | 3.21
      6 |     10.9     10.8 |     71.9     71.6 |     1.79 | 3.26
      7 |     11.1     11.0 |     72.1     71.3 |     2.04 | 3.24
      8 |     10.5     10.8 |     70.2     70.1 |     2.52 | 3.32
      9 |     10.6     10.6 |     70.8     70.4 |     2.95 | 3.46
     10 |     10.9     10.9 |     71.4     70.8 |     3.20 | 3.48
     11 |     10.7     11.1 |     70.6     70.7 |     3.57 | 3.47
     12 |     10.7     11.0 |     69.7     71.4 |     3.67 | 3.27
     13 |     10.8     11.0 |     70.5     70.3 |     4.01 | 3.34
     14 |     10.9     11.0 |     69.9     69.9 |     4.29 | 3.33
     15 |     11.0     10.7 |     70.0     69.7 |     4.74 | 3.47
     16 |     10.2     10.4 |     68.9     67.3 |     5.22 | 3.34
     17 |     13.8     13.9 |     70.5     70.4 |     4.11 | 3.34
     18 |     13.7     13.6 |     70.0     70.2 |     4.41 | 3.36
     19 |     13.7     13.6 |     70.1     70.6 |     4.85 | 3.50
     20 |     13.5     14.1 |     69.7     69.6 |     4.90 | 3.31
     21 |     13.8     13.9 |     70.1     69.6 |     5.27 | 3.46
     22 |     13.5     13.5 |     69.6     69.3 |     5.42 | 3.33
     23 |     13.7     13.5 |     69.7     68.9 |     5.66 | 3.36
     24 |     13.2     13.6 |     69.7     69.3 |     6.13 | 3.37
     25 |     13.6     13.8 |     68.8     68.4 |     6.14 | 3.34
     26 |     13.7     13.6 |     69.8     69.4 |     6.64 | 3.50
     27 |     13.7     13.5 |     71.8     69.1 |     6.91 | 3.50
     28 |     13.7     13.5 |     69.5     69.3 |     6.86 | 3.35
     29 |     13.7     13.6 |     69.4     68.9 |     7.13 | 3.36
     30 |     13.7     13.6 |     69.7     69.1 |     7.36 | 3.36
     31 |     13.6     13.5 |     69.7     68.8 |     7.60 | 3.34
     32 |     12.8     12.8 |     69.8     69.7 |     8.41 | 3.36
     47 |     16.0     16.0 |     71.8     71.8 |     9.53 | 3.25
     48 |     15.1     15.2 |     73.0     72.0 |    10.63 | 3.34
     63 |     18.2     18.1 |     73.6     72.9 |    11.64 | 3.36
     64 |     13.1     13.0 |     70.8     71.1 |    15.89 | 3.26
    100 |     20.0     19.9 |     77.7     77.1 |    16.30 | 3.26
    127 |     22.1     22.4 |     79.9     79.8 |    18.67 | 3.25
    128 |     17.5     17.6 |     74.5     73.3 |    23.75 | 3.25
    255 |     30.8     30.5 |     84.1     83.6 |    27.39 | 3.31
    256 |     26.1     26.1 |     77.8     77.7 |    31.98 | 3.26
    257 |     29.2     29.5 |     79.6     79.6 |    28.67 | 3.26
    511 |     49.0     49.2 |     92.5     92.5 |    34.33 | 3.29
    512 |     42.3     42.5 |     86.0     87.0 |    39.35 | 3.25
    513 |     53.0     53.9 |     98.4     98.1 |    31.99 | 3.30
   1024 |     76.8     78.3 |    100.8     99.8 |    44.25 | 3.32
   1025 |     89.0     90.1 |    119.1    119.7 |    39.90 | 3.46
   4096 |    250.3    257.6 |    269.7    271.4 |    54.33 | 3.32
  16384 |    884.8    891.2 |    904.2    917.6 |    64.44 | 3.48
   avg lat4 over 1..31 B: 70.59 (min-based)  70.24 (median)

== 64-byte blocks <8,5,1> ==  cycles per call: tp (independent) | lat4 (SMHasher3-style serialization); min-based / median; GB/s from tp at the measured GHz
    len |   tp.min   tp.med |  lat.min  lat.med |     GB/s | GHz
      0 |      8.0      8.1 |      8.2      8.2 |     0.00 | 3.48
      1 |     11.5     11.8 |     71.1     71.2 |     0.30 | 3.47
      2 |     11.0     11.2 |     71.3     71.3 |     0.59 | 3.24
      3 |     11.1     11.1 |     70.7     71.2 |     0.88 | 3.24
      4 |     10.6     10.6 |     68.6     68.6 |     1.25 | 3.33
      5 |     10.6     10.6 |     68.8     68.5 |     1.58 | 3.34
      6 |     10.4     10.8 |     68.7     68.6 |     1.91 | 3.32
      7 |     10.8     10.6 |     68.5     68.5 |     2.17 | 3.34
      8 |     10.0     10.1 |     67.2     67.1 |     2.65 | 3.31
      9 |      9.6     10.2 |     68.0     67.2 |     3.13 | 3.35
     10 |      9.9      9.9 |     67.8     67.7 |     3.33 | 3.30
     11 |     10.1     10.3 |     68.4     67.7 |     3.79 | 3.47
     12 |     10.4     10.4 |     67.6     67.3 |     4.02 | 3.49
     13 |     10.1     10.2 |     67.3     67.6 |     4.17 | 3.24
     14 |      9.9     10.3 |     67.2     66.6 |     4.75 | 3.36
     15 |     10.3     10.3 |     67.3     67.2 |     4.83 | 3.32
     16 |      9.8      9.9 |     69.2     64.9 |     5.42 | 3.32
     17 |     13.0     13.0 |     67.6     67.5 |     4.30 | 3.30
     18 |     12.9     13.2 |     67.3     67.3 |     4.64 | 3.33
     19 |     12.7     12.9 |     66.9     67.2 |     5.18 | 3.47
     20 |     13.0     13.2 |     67.5     67.1 |     5.05 | 3.29
     21 |     12.8     12.9 |     66.5     66.8 |     5.47 | 3.34
     22 |     13.2     13.2 |     67.2     67.4 |     5.74 | 3.45
     23 |     13.3     13.2 |     66.8     67.2 |     5.70 | 3.31
     24 |     13.2     13.2 |     66.5     66.5 |     6.20 | 3.42
     25 |     12.4     12.8 |     66.6     66.4 |     6.39 | 3.17
     26 |     12.7     12.8 |     66.6     66.3 |     6.74 | 3.30
     27 |     12.8     12.8 |     66.5     66.6 |     7.39 | 3.49
     28 |     12.8     12.8 |     64.9     66.7 |     7.64 | 3.50
     29 |     12.7     12.8 |     66.6     66.5 |     7.70 | 3.37
     30 |     12.8     12.7 |     66.7     66.5 |     8.19 | 3.50
     31 |     12.6     12.7 |     66.5     66.4 |     8.56 | 3.49
     32 |     12.3     12.3 |     66.3     67.1 |     9.09 | 3.49
     47 |     15.0     14.9 |     68.7     68.7 |    10.48 | 3.34
     48 |     14.4     14.4 |     68.6     68.4 |    11.64 | 3.49
     63 |     17.2     17.2 |     70.9     70.5 |    12.33 | 3.36
     64 |     12.2     12.1 |     68.9     68.4 |    17.67 | 3.36
    100 |     21.8     22.1 |     81.8     81.7 |    15.81 | 3.44
    127 |     23.4     23.4 |     81.6     80.9 |    18.12 | 3.34
    128 |     19.8     19.8 |     82.0     81.1 |    21.67 | 3.35
    255 |     35.7     35.2 |    103.7    103.9 |    24.01 | 3.36
    256 |     32.9     32.9 |    103.4    103.3 |    27.14 | 3.49
    257 |     39.1     39.1 |    114.8    114.1 |    21.84 | 3.32
    511 |     64.8     64.1 |    145.7    145.7 |    27.58 | 3.50
    512 |     62.0     61.5 |    147.6    145.6 |    27.66 | 3.35
    513 |     69.2     68.3 |    158.7    157.0 |    24.91 | 3.36
   1024 |    132.9    131.1 |    236.8    233.5 |    25.89 | 3.36
   1025 |    139.7    139.8 |    246.3    246.6 |    25.36 | 3.46
   4096 |    607.5    600.3 |    763.7    756.6 |    22.62 | 3.35
  16384 |   2720.7   2684.0 |   2836.3   2836.6 |    20.23 | 3.36
   avg lat4 over 1..31 B: 67.69 (min-based)  67.54 (median)
### bench v7  load averages: 2.23 4.28 4.60
header: hdr/chainhash_v7.h; calibrated core frequency: 3.391 GHz; trials 21

== chainhash-256 <32,5,1> ==  cycles per call: tp (independent) | lat4 (SMHasher3-style serialization); min-based / median; GB/s from tp at the measured GHz
    len |   tp.min   tp.med |  lat.min  lat.med |     GB/s | GHz
      0 |      7.9      7.9 |      8.0      8.0 |     0.00 | 3.46
      1 |     10.8     10.9 |     70.1     70.6 |     0.31 | 3.35
      2 |     10.7     10.7 |     70.7     70.7 |     0.62 | 3.31
      3 |     10.9     10.7 |     70.5     69.9 |     0.90 | 3.26
      4 |     10.5     10.4 |     68.3     68.2 |     1.34 | 3.50
      5 |     10.5     10.4 |     68.9     68.2 |     1.60 | 3.36
      6 |     10.5     10.4 |     68.5     67.9 |     2.01 | 3.49
      7 |     10.3     10.3 |     68.3     68.3 |     2.34 | 3.46
      8 |     10.1     10.0 |     67.1     66.5 |     2.67 | 3.36
      9 |     10.1     10.0 |     66.9     66.5 |     3.01 | 3.36
     10 |     10.0     10.0 |     67.1     66.4 |     3.35 | 3.36
     11 |     10.1     10.0 |     66.9     66.4 |     3.67 | 3.36
     12 |      9.9     10.0 |     66.7     66.3 |     4.01 | 3.31
     13 |     10.0     10.0 |     66.7     66.0 |     4.34 | 3.35
     14 |     10.0     10.0 |     66.8     66.3 |     4.64 | 3.32
     15 |     10.0     10.0 |     66.8     66.5 |     5.02 | 3.36
     16 |      9.9      9.9 |     64.8     64.0 |     5.60 | 3.46
     17 |     13.0     13.0 |     67.5     67.0 |     4.52 | 3.47
     18 |     13.1     13.4 |     67.9     67.6 |     4.59 | 3.33
     19 |     13.1     13.2 |     68.1     67.4 |     5.05 | 3.48
     20 |     13.0     13.0 |     66.5     66.1 |     5.10 | 3.31
     21 |     13.0     13.0 |     66.3     66.1 |     5.36 | 3.31
     22 |     13.2     13.0 |     66.8     66.1 |     5.61 | 3.36
     23 |     13.2     13.0 |     66.5     66.0 |     5.87 | 3.36
     24 |     13.2     13.1 |     66.4     66.4 |     6.12 | 3.36
     25 |     13.2     13.1 |     66.6     66.2 |     6.38 | 3.36
     26 |     13.0     13.0 |     66.1     66.4 |     6.63 | 3.31
     27 |     13.3     13.3 |     66.6     66.6 |     6.83 | 3.35
     28 |     13.1     13.1 |     66.3     65.6 |     7.14 | 3.35
     29 |     13.0     13.0 |     66.1     66.4 |     7.40 | 3.31
     30 |     13.1     13.0 |     66.6     66.5 |     7.98 | 3.48
     31 |     13.0     13.1 |     66.8     65.9 |     7.91 | 3.31
     32 |     11.8     11.8 |     66.7     65.9 |     8.96 | 3.31
     47 |     15.1     15.0 |     68.2     68.2 |    10.44 | 3.36
     48 |     13.8     13.6 |     68.8     68.0 |    12.16 | 3.50
     63 |     17.3     17.0 |     70.1     69.6 |    12.78 | 3.50
     64 |     12.3     12.3 |     68.8     68.8 |    18.22 | 3.49
    100 |     19.0     19.1 |     74.6     74.4 |    17.89 | 3.39
    127 |     20.7     20.8 |     76.8     76.2 |    20.37 | 3.31
    128 |     16.3     16.4 |     70.2     70.2 |    27.35 | 3.48
    255 |     30.0     29.4 |     80.2     79.9 |    29.82 | 3.50
    256 |     24.1     24.2 |     74.9     74.3 |    34.70 | 3.26
    257 |     34.4     34.1 |     86.9     86.8 |    24.21 | 3.24
    511 |     53.4     53.2 |     86.9     87.0 |    31.15 | 3.25
    512 |     46.7     45.4 |     87.6     87.5 |    38.23 | 3.49
    513 |     51.4     51.3 |     96.3     98.3 |    33.46 | 3.35
   1024 |     74.3     74.4 |    109.7    109.4 |    48.08 | 3.49
   1025 |     80.1     80.3 |    120.5    120.6 |    44.68 | 3.49
   4096 |    253.4    248.0 |    266.4    266.2 |    53.74 | 3.32
  16384 |    923.4    919.5 |    932.1    942.4 |    61.90 | 3.49
   avg lat4 over 1..31 B: 67.29 (min-based)  66.93 (median)

== chainhash-1k <128,5,2> ==  cycles per call: tp (independent) | lat4 (SMHasher3-style serialization); min-based / median; GB/s from tp at the measured GHz
    len |   tp.min   tp.med |  lat.min  lat.med |     GB/s | GHz
      0 |      8.0      7.9 |      7.9      7.9 |     0.00 | 3.36
      1 |     11.5     11.4 |     72.8     72.4 |     0.29 | 3.34
      2 |     11.6     11.5 |     72.5     72.4 |     0.58 | 3.36
      3 |     11.6     11.5 |     73.5     72.7 |     0.87 | 3.36
      4 |     10.8     10.9 |     71.8     71.7 |     1.23 | 3.33
      5 |     10.9     10.8 |     71.9     71.8 |     1.53 | 3.32
      6 |     11.0     11.0 |     72.0     71.6 |     1.91 | 3.49
      7 |     10.9     10.8 |     71.2     71.1 |     2.15 | 3.36
      8 |     10.7     10.5 |     70.2     69.8 |     2.52 | 3.36
      9 |     10.6     10.6 |     69.0     69.4 |     2.97 | 3.49
     10 |     10.6     11.0 |     69.5     69.8 |     3.28 | 3.48
     11 |     10.5     10.5 |     72.2     70.1 |     3.61 | 3.46
     12 |     10.6     10.5 |     69.8     69.5 |     3.69 | 3.26
     13 |     10.7     10.6 |     69.7     69.6 |     3.98 | 3.28
     14 |     10.6     10.6 |     69.8     69.7 |     4.28 | 3.26
     15 |     10.7     10.7 |     69.8     69.7 |     4.72 | 3.35
     16 |     10.2     10.2 |     67.2     67.3 |     5.49 | 3.49
     17 |     13.7     14.4 |     70.0     69.4 |     4.11 | 3.31
     18 |     13.6     13.6 |     70.2     70.2 |     4.41 | 3.33
     19 |     13.8     14.0 |     70.2     70.4 |     4.48 | 3.25
     20 |     13.6     13.8 |     73.2     69.0 |     4.91 | 3.35
     21 |     13.6     13.6 |     69.7     69.3 |     5.16 | 3.34
     22 |     13.6     13.5 |     69.2     68.9 |     5.29 | 3.26
     23 |     13.4     13.7 |     69.7     69.6 |     5.84 | 3.41
     24 |     13.5     13.6 |     68.8     69.0 |     5.96 | 3.36
     25 |     13.6     13.6 |     69.3     69.2 |     6.16 | 3.36
     26 |     13.6     13.4 |     69.7     69.2 |     6.40 | 3.36
     27 |     13.5     13.5 |     68.8     68.7 |     6.65 | 3.33
     28 |     13.5     13.5 |     69.8     69.6 |     6.89 | 3.32
     29 |     13.6     13.5 |     68.8     68.9 |     7.14 | 3.34
     30 |     13.6     13.5 |     69.7     69.1 |     7.39 | 3.36
     31 |     13.6     13.5 |     69.8     69.6 |     7.63 | 3.36
     32 |     12.1     12.1 |     69.3     69.4 |     8.77 | 3.32
     47 |     15.6     15.5 |     72.1     71.6 |    10.05 | 3.34
     48 |     14.4     14.3 |     71.8     71.0 |    11.14 | 3.35
     63 |     17.7     17.6 |     73.6     73.2 |    11.87 | 3.34
     64 |     12.6     12.6 |     71.4     70.9 |    16.85 | 3.32
    100 |     19.5     19.4 |     77.4     77.3 |    17.21 | 3.36
    127 |     22.0     21.7 |     80.5     79.2 |    19.38 | 3.36
    128 |     16.9     17.5 |     76.1     74.0 |    25.92 | 3.42
    255 |     30.3     30.4 |     86.3     83.1 |    29.34 | 3.49
    256 |     25.7     25.5 |     77.5     77.6 |    33.45 | 3.36
    257 |     29.5     29.8 |     80.1     80.8 |    30.49 | 3.49
    511 |     48.4     49.9 |     91.6     91.5 |    36.61 | 3.47
    512 |     41.4     40.9 |     85.7     85.3 |    43.35 | 3.50
    513 |     51.9     52.4 |     97.2     97.0 |    34.56 | 3.50
   1024 |     77.3     77.1 |     97.1     96.4 |    45.93 | 3.47
   1025 |     88.0     88.5 |    117.9    118.1 |    40.81 | 3.50
   4096 |    247.2    247.0 |    268.7    267.4 |    57.04 | 3.44
  16384 |    859.9    889.8 |    878.5    892.4 |    62.49 | 3.28
   avg lat4 over 1..31 B: 70.31 (min-based)  69.97 (median)

== 64-byte blocks <8,5,1> ==  cycles per call: tp (independent) | lat4 (SMHasher3-style serialization); min-based / median; GB/s from tp at the measured GHz
    len |   tp.min   tp.med |  lat.min  lat.med |     GB/s | GHz
      0 |      8.0      8.0 |      8.0      8.0 |     0.00 | 3.49
      1 |     10.7     11.4 |     70.4     70.8 |     0.32 | 3.45
      2 |     10.9     10.9 |     71.9     70.1 |     0.62 | 3.39
      3 |     10.8     10.8 |     71.1     70.2 |     0.90 | 3.26
      4 |     10.4     10.4 |     68.3     68.3 |     1.26 | 3.26
      5 |     10.5     10.5 |     68.7     68.1 |     1.55 | 3.25
      6 |     10.5     10.9 |     67.4     69.0 |     1.85 | 3.24
      7 |     10.6     10.7 |     68.6     68.6 |     2.19 | 3.30
      8 |      9.9     10.1 |     68.4     67.7 |     2.77 | 3.43
      9 |     10.0     10.2 |     67.3     67.3 |     2.91 | 3.25
     10 |     10.1     10.1 |     67.7     68.0 |     3.23 | 3.26
     11 |     10.4     10.4 |     67.9     68.0 |     3.40 | 3.22
     12 |     10.1     10.0 |     66.7     66.2 |     3.89 | 3.27
     13 |     10.0     10.0 |     66.7     65.8 |     4.22 | 3.24
     14 |     10.0     10.0 |     69.0     67.7 |     4.91 | 3.49
     15 |     10.4     10.5 |     66.6     66.3 |     4.65 | 3.22
     16 |      9.7      9.6 |     64.2     63.9 |     5.40 | 3.26
     17 |     12.6     12.5 |     67.5     66.3 |     4.40 | 3.26
     18 |     12.7     12.8 |     67.1     67.2 |     4.90 | 3.47
     19 |     13.0     12.9 |     67.2     67.4 |     5.03 | 3.43
     20 |     12.8     13.1 |     67.3     66.6 |     5.07 | 3.24
     21 |     12.9     13.0 |     68.8     67.0 |     5.39 | 3.31
     22 |     12.8     13.1 |     67.0     67.1 |     5.66 | 3.29
     23 |     12.8     13.0 |     67.2     66.7 |     5.89 | 3.29
     24 |     12.9     13.1 |     66.7     66.9 |     6.02 | 3.23
     25 |     12.7     12.7 |     67.3     66.9 |     6.57 | 3.34
     26 |     12.9     13.0 |     67.2     67.6 |     6.64 | 3.31
     27 |     13.2     13.3 |     67.3     66.8 |     7.03 | 3.45
     28 |     12.6     12.7 |     66.9     66.8 |     7.22 | 3.26
     29 |     12.8     12.7 |     65.9     66.8 |     7.48 | 3.31
     30 |     12.4     12.6 |     65.9     67.1 |     7.92 | 3.28
     31 |     12.7     12.7 |     65.8     67.0 |     7.99 | 3.28
     32 |     11.8     12.2 |     64.9     66.8 |     8.83 | 3.25
     47 |     15.2     15.3 |     70.2     69.0 |    10.04 | 3.25
     48 |     14.1     14.4 |     69.7     68.6 |    11.04 | 3.25
     63 |     17.4     17.5 |     73.2     71.4 |    12.34 | 3.40
     64 |     12.3     12.6 |     69.6     69.2 |    17.41 | 3.34
    100 |     24.2     25.7 |     87.5     84.9 |    13.67 | 3.31
    127 |     26.3     26.4 |     84.5     84.3 |    15.73 | 3.25
    128 |     22.2     22.3 |     88.3     85.0 |    20.07 | 3.49
    255 |     38.6     38.5 |    100.2    100.4 |    22.10 | 3.35
    256 |     33.9     34.3 |    103.0    100.8 |    25.24 | 3.34
    257 |     39.3     39.8 |    108.1    110.3 |    22.15 | 3.39
    511 |     64.4     64.6 |    132.7    133.1 |    25.61 | 3.23
    512 |     60.2     61.1 |    132.9    133.1 |    27.56 | 3.24
    513 |     66.1     66.8 |    137.4    141.5 |    25.89 | 3.34
   1024 |    118.7    118.0 |    199.2    197.7 |    29.20 | 3.38
   1025 |    128.0    127.4 |    210.1    203.7 |    27.71 | 3.46
   4096 |    455.7    503.1 |    580.1    573.4 |    29.84 | 3.32
  16384 |   2034.0   2011.5 |   2114.9   2116.3 |    26.01 | 3.23
   avg lat4 over 1..31 B: 67.61 (min-based)  67.42 (median)
### bench2 v7  load averages: 2.27 4.22 4.58
header: hdr/chainhash_v7.h; calibrated core frequency: 3.206 GHz; trials 21

== chainhash-256 <32,5,1> ==  cycles per call, min-based / median:  lat4 | lat4w (noinline wrapper: GPR store of the uint64 into out[], reload 4 B = SMHasher3 shape) | lat4i (hash_into)
    len |     lat4      med |    lat4w      med |    lat4i      med
      1 |     71.0     70.8 |     76.8     76.9 |     75.7     76.0
      2 |     71.0     71.1 |     75.9     76.3 |     76.3     76.1
      3 |     70.6     71.1 |     76.2     76.2 |     75.8     76.2
      4 |     68.3     68.7 |     74.1     74.3 |     74.3     74.4
      5 |     69.2     68.8 |     74.1     74.5 |     74.2     74.4
      6 |     68.5     68.6 |     73.9     74.4 |     74.1     74.3
      7 |     68.5     68.8 |     74.3     74.3 |     73.9     74.6
      8 |     67.3     67.3 |     74.5     74.1 |     72.3     72.5
      9 |     67.4     67.4 |     72.9     73.4 |     72.1     72.3
     10 |     67.3     67.4 |     72.9     73.3 |     72.4     72.6
     11 |     66.7     67.6 |     73.2     73.4 |     72.2     72.6
     12 |     66.9     67.2 |     71.5     72.0 |     71.6     71.7
     13 |     67.2     67.5 |     71.5     71.7 |     71.5     71.6
     14 |     67.1     67.2 |     72.6     72.1 |     70.1     71.8
     15 |     66.5     67.1 |     73.9     72.2 |     71.9     71.4
     16 |     64.8     64.9 |     70.2     70.5 |     70.3     70.0
     17 |     67.5     67.4 |     72.7     72.4 |     72.7     72.7
     18 |     67.4     67.2 |     72.2     72.7 |     72.6     72.7
     19 |     67.5     68.0 |     72.3     72.4 |     72.9     73.0
     20 |     66.8     67.2 |     71.2     70.8 |     71.2     70.6
     21 |     66.6     66.2 |     71.3     70.5 |     71.7     70.7
     22 |     66.7     66.4 |     70.8     71.0 |     70.2     71.1
     23 |     66.8     66.7 |     71.4     70.7 |     71.2     71.1
     24 |     66.8     66.4 |     71.5     70.9 |     71.9     71.4
     25 |     66.6     66.7 |     71.7     71.3 |     71.2     69.8
     26 |     66.4     65.5 |     71.3     71.2 |     71.2     70.5
     27 |     66.8     66.6 |     71.4     71.1 |     71.2     70.8
     28 |     66.8     66.1 |     71.4     70.9 |     71.2     70.7
     29 |     66.8     66.4 |     71.4     70.1 |     71.2     70.9
     30 |     66.5     66.4 |     70.9     70.6 |     71.2     70.9
     31 |     66.8     66.3 |     71.0     70.5 |     71.2     71.0
     32 |     66.6     66.6 |     71.7     71.8 |     71.6     71.0
     64 |     69.0     68.3 |     73.8     74.0 |     73.7     73.2
    100 |     75.0     74.4 |     79.6     78.8 |     80.0     78.4
    255 |     81.0     79.6 |     84.4     84.2 |     85.6     84.3
    256 |     74.5     74.2 |     79.8     79.5 |     79.6     79.0
    512 |     86.9     86.4 |     92.5     92.9 |     92.7     91.3
   1024 |    108.4    108.5 |    116.7    113.9 |    114.3    116.1
   avg over 1..31 B (min-based): lat4 67.46  lat4w 72.61  lat4i 72.30

== chainhash-1k <128,5,2> ==  cycles per call, min-based / median:  lat4 | lat4w (noinline wrapper: GPR store of the uint64 into out[], reload 4 B = SMHasher3 shape) | lat4i (hash_into)
    len |     lat4      med |    lat4w      med |    lat4i      med
      1 |     73.9     73.7 |     78.2     78.5 |     79.5     78.6
      2 |     74.2     73.5 |     78.6     78.4 |     79.0     78.6
      3 |     74.0     73.7 |     79.0     78.8 |     79.1     79.5
      4 |     72.8     72.4 |     79.4     77.1 |     77.4     77.9
      5 |     72.8     72.0 |     77.4     77.3 |     77.0     77.0
      6 |     71.9     72.3 |     77.3     77.3 |     77.3     77.7
      7 |     72.1     71.9 |     80.7     76.7 |     76.6     76.4
      8 |     70.4     70.5 |     75.9     76.7 |     75.8     75.5
      9 |     70.0     70.4 |     77.5     78.8 |     75.3     75.4
     10 |     70.8     70.5 |     78.4     79.3 |     78.2     75.0
     11 |     71.5     70.4 |     78.5     78.2 |     75.6     75.9
     12 |     70.2     72.9 |     76.5     78.1 |     74.3     74.6
     13 |     72.2     70.7 |     74.1     75.7 |     76.0     75.4
     14 |     71.2     70.3 |     75.1     75.8 |     74.9     74.7
     15 |     70.3     69.7 |     75.4     74.8 |     75.8     75.2
     16 |     67.5     67.7 |     73.0     73.0 |     72.4     72.4
     17 |     70.6     70.3 |     75.8     75.5 |     76.9     75.9
     18 |     69.1     70.5 |     75.5     75.3 |     76.1     75.8
     19 |     69.1     70.7 |     74.0     75.4 |     77.8     75.9
     20 |     69.5     69.7 |     74.3     74.1 |     75.7     75.4
     21 |     70.8     70.0 |     75.5     75.7 |     76.0     76.1
     22 |     69.7     70.2 |     75.7     74.8 |     73.3     75.6
     23 |     73.0     70.0 |     75.5     75.7 |     75.6     75.8
     24 |     71.6     71.5 |     72.7     74.0 |     75.1     75.2
     25 |     69.9     70.4 |     75.3     75.9 |     75.7     75.0
     26 |     72.8     70.7 |     75.1     75.4 |     76.4     74.3
     27 |     69.1     70.7 |     76.2     76.1 |     75.1     76.0
     28 |     70.4     70.4 |     75.3     75.2 |     75.1     75.2
     29 |     69.3     69.5 |     72.7     74.4 |     75.3     75.3
     30 |     70.1     69.9 |     74.4     74.4 |     75.3     75.0
     31 |     69.5     70.1 |     74.7     74.2 |     74.9     75.3
     32 |     69.8     69.7 |     75.4     74.6 |     74.8     74.5
     64 |     72.4     71.7 |     77.0     76.9 |     76.5     76.3
    100 |     78.4     77.5 |     83.9     82.9 |     82.1     81.7
    255 |     83.3     84.2 |     88.5     88.5 |     86.9     87.6
    256 |     77.7     77.5 |     82.6     82.1 |     82.0     81.8
    512 |     85.6     84.5 |     90.3     89.7 |     90.2     89.5
   1024 |     96.8     96.5 |    103.0    102.5 |    103.0    102.1
   avg over 1..31 B (min-based): lat4 70.98  lat4w 76.07  lat4i 76.07
### harness v5  load averages: 2.38 4.18 4.56
Reading random bytes from seed
{"name":"ChainHash, 64 B blocks, K=5+twist","size_bytes":16384,"gbps":19.9058,"gbps_min":19.6147,"gbps_max":20.6275,"ns_per_call":823.08,"reps":614152,"runs":5,"impl_source":"tools/bench/chainhash/chainhash.h"}
{"name":"ChainHash, 256 B blocks, K=5+twist","size_bytes":16384,"gbps":58.2404,"gbps_min":57.7092,"gbps_max":58.9867,"ns_per_call":281.32,"reps":1669819,"runs":5,"impl_source":"tools/bench/chainhash/chainhash.h"}
{"name":"ChainHash, 1 KB blocks, K=5+twist, S=2","size_bytes":16384,"gbps":61.5593,"gbps_min":60.4036,"gbps_max":61.6205,"ns_per_call":266.15,"reps":1868081,"runs":5,"impl_source":"tools/bench/chainhash/chainhash.h"}
{"name":"ChainHash, 64 B blocks, K=5+twist","size_bytes":512,"gbps":26.4073,"gbps_min":26.2082,"gbps_max":26.9258,"ns_per_call":19.39,"reps":25588521,"runs":5,"impl_source":"tools/bench/chainhash/chainhash.h"}
{"name":"ChainHash, 256 B blocks, K=5+twist","size_bytes":512,"gbps":36.7469,"gbps_min":36.2405,"gbps_max":37.0279,"ns_per_call":13.93,"reps":36023225,"runs":5,"impl_source":"tools/bench/chainhash/chainhash.h"}
{"name":"ChainHash, 1 KB blocks, K=5+twist, S=2","size_bytes":512,"gbps":40.1250,"gbps_min":39.8694,"gbps_max":40.4876,"ns_per_call":12.76,"reps":39269692,"runs":5,"impl_source":"tools/bench/chainhash/chainhash.h"}
### harness v7  load averages: 2.57 4.14 4.54
Reading random bytes from seed
{"name":"ChainHash, 64 B blocks, K=5+twist","size_bytes":16384,"gbps":26.8009,"gbps_min":26.4667,"gbps_max":27.1103,"ns_per_call":611.32,"reps":820710,"runs":5,"impl_source":"tools/bench/chainhash/chainhash.h"}
{"name":"ChainHash, 256 B blocks, K=5+twist","size_bytes":16384,"gbps":58.1751,"gbps_min":56.7828,"gbps_max":59.2150,"ns_per_call":281.63,"reps":1819958,"runs":5,"impl_source":"tools/bench/chainhash/chainhash.h"}
{"name":"ChainHash, 1 KB blocks, K=5+twist, S=2","size_bytes":16384,"gbps":57.9987,"gbps_min":55.1154,"gbps_max":61.9296,"ns_per_call":282.49,"reps":1794565,"runs":5,"impl_source":"tools/bench/chainhash/chainhash.h"}
{"name":"ChainHash, 64 B blocks, K=5+twist","size_bytes":512,"gbps":27.1454,"gbps_min":26.9921,"gbps_max":28.1267,"ns_per_call":18.86,"reps":26721978,"runs":5,"impl_source":"tools/bench/chainhash/chainhash.h"}
{"name":"ChainHash, 256 B blocks, K=5+twist","size_bytes":512,"gbps":36.3056,"gbps_min":35.8623,"gbps_max":37.0186,"ns_per_call":14.10,"reps":34056471,"runs":5,"impl_source":"tools/bench/chainhash/chainhash.h"}
{"name":"ChainHash, 1 KB blocks, K=5+twist, S=2","size_bytes":512,"gbps":40.1693,"gbps_min":39.6191,"gbps_max":40.3816,"ns_per_call":12.75,"reps":39856550,"runs":5,"impl_source":"tools/bench/chainhash/chainhash.h"}
### done load averages: 2.87 4.13 4.53
