== chainhash_256 --endian=little
--- Testing chainhash-256 "ChainHash (GF(2^64) carry-less PH with strided word pairing + three-key injective chain + degree-5 finalizer behind an additive twist), 256-byte blocks" [portable]
Verification value LE 0xBFC38A57 ...... PASS
Running sanity check 1       .......... PASS
Running sanity check 2       .......... PASS
Running append zeroes test   .......... PASS
Running prepend zeroes test  .......... PASS
Running thread-safety test 1 .......... PASS
Running thread-safety test 2 .......... PASS
Verification value is 0x00000001 - Testing took 1.759419 seconds
== chainhash_256 --endian=big
--- Testing chainhash-256 "ChainHash (GF(2^64) carry-less PH with strided word pairing + three-key injective chain + degree-5 finalizer behind an additive twist), 256-byte blocks" [portable]
Verification value BE 0xC84FA5C3 ...... PASS
Running sanity check 1       .......... PASS
Running sanity check 2       .......... PASS
Running append zeroes test   .......... PASS
Running prepend zeroes test  .......... PASS
Running thread-safety test 1 .......... PASS
Running thread-safety test 2 .......... PASS
Verification value is 0x00000001 - Testing took 1.740458 seconds
== chainhash_1k --endian=little
--- Testing chainhash-1k "ChainHash (GF(2^64) carry-less PH with strided word pairing + three-key injective chain + degree-5 finalizer behind an additive twist), 1024-byte blocks, 2 sub-blocks per block" [portable]
Verification value LE 0x710CF02B ...... PASS
Running sanity check 1       .......... PASS
Running sanity check 2       .......... PASS
Running append zeroes test   .......... PASS
Running prepend zeroes test  .......... PASS
Running thread-safety test 1 .......... PASS
Running thread-safety test 2 .......... PASS
Verification value is 0x00000001 - Testing took 1.651865 seconds
== chainhash_1k --endian=big
--- Testing chainhash-1k "ChainHash (GF(2^64) carry-less PH with strided word pairing + three-key injective chain + degree-5 finalizer behind an additive twist), 1024-byte blocks, 2 sub-blocks per block" [portable]
Verification value BE 0x1AB98587 ...... PASS
Running sanity check 1       .......... PASS
Running sanity check 2       .......... PASS
Running append zeroes test   .......... PASS
Running prepend zeroes test  .......... PASS
Running thread-safety test 1 .......... PASS
Running thread-safety test 2 .......... PASS
Verification value is 0x00000001 - Testing took 1.652972 seconds
