load before: { 6.36 9.64 8.17 }
--- Testing chainhash-256 "ChainHash (GF(2^64) carry-less PH with strided word pairing + three-key injective chain + degree-5 finalizer behind an additive twist), 256-byte blocks" [hwpmull]

[[[ Sanity Tests ]]]

Verification value LE 0xAA4E2A3B ...... PASS
Running sanity check 1       .......... PASS
Running sanity check 2       .......... PASS
Running append zeroes test   .......... PASS
Running prepend zeroes test  .......... PASS
Running thread-safety test 1 .......... PASS
Running thread-safety test 2 .......... PASS

[[[ Speed Tests ]]]

Small key speed test - [1, 31]-byte keys
   1-byte keys -    73.35 cycles/hash
   2-byte keys -    71.38 cycles/hash
   3-byte keys -    70.95 cycles/hash
   4-byte keys -    71.16 cycles/hash
   5-byte keys -    71.82 cycles/hash
   6-byte keys -    69.20 cycles/hash
   7-byte keys -    71.38 cycles/hash
   8-byte keys -    68.11 cycles/hash
   9-byte keys -    75.97 cycles/hash
  10-byte keys -    75.97 cycles/hash
  11-byte keys -    75.97 cycles/hash
  12-byte keys -    75.53 cycles/hash
  13-byte keys -    75.53 cycles/hash
  14-byte keys -    76.18 cycles/hash
  15-byte keys -    75.09 cycles/hash
  16-byte keys -    72.26 cycles/hash
  17-byte keys -    70.51 cycles/hash
  18-byte keys -    70.73 cycles/hash
  19-byte keys -    72.69 cycles/hash
  20-byte keys -    69.20 cycles/hash
  21-byte keys -    70.95 cycles/hash
  22-byte keys -    70.51 cycles/hash
  23-byte keys -    68.76 cycles/hash
  24-byte keys -    70.51 cycles/hash
  25-byte keys -    68.33 cycles/hash
  26-byte keys -    68.54 cycles/hash
  27-byte keys -    68.33 cycles/hash
  28-byte keys -    68.11 cycles/hash
  29-byte keys -    68.54 cycles/hash
  30-byte keys -    68.33 cycles/hash
  31-byte keys -    68.54 cycles/hash
Average        -    71.37 cycles/hash
 rnd-byte keys -    70.74 cycles/hash

Bulk speed test - 262144-byte keys
Alignment   7 - 22.88 bytes/cycle - 74.57 GiB/sec @ 3.5 ghz
Alignment   6 - 22.88 bytes/cycle - 74.57 GiB/sec @ 3.5 ghz
Alignment   5 - 22.88 bytes/cycle - 74.57 GiB/sec @ 3.5 ghz
Alignment   4 - 22.88 bytes/cycle - 74.57 GiB/sec @ 3.5 ghz
Alignment   3 - 22.88 bytes/cycle - 74.57 GiB/sec @ 3.5 ghz
Alignment   2 - 22.88 bytes/cycle - 74.57 GiB/sec @ 3.5 ghz
Alignment   1 - 22.88 bytes/cycle - 74.57 GiB/sec @ 3.5 ghz
Alignment   0 - 22.88 bytes/cycle - 74.57 GiB/sec @ 3.5 ghz
Average       - 22.88 bytes/cycle - 74.57 GiB/sec @ 3.5 ghz
Alignment rnd - 22.88 bytes/cycle - 74.57 GiB/sec @ 3.5 ghz

Bulk speed test - [262017, 262144]-byte keys
Alignment   7 - 21.62 bytes/cycle - 70.46 GiB/sec @ 3.5 ghz
Alignment   6 - 21.39 bytes/cycle - 69.73 GiB/sec @ 3.5 ghz
Alignment   5 - 21.32 bytes/cycle - 69.51 GiB/sec @ 3.5 ghz
Alignment   4 - 21.30 bytes/cycle - 69.44 GiB/sec @ 3.5 ghz
Alignment   3 - 21.55 bytes/cycle - 70.24 GiB/sec @ 3.5 ghz
Alignment   2 - 21.57 bytes/cycle - 70.31 GiB/sec @ 3.5 ghz
Alignment   1 - 21.62 bytes/cycle - 70.46 GiB/sec @ 3.5 ghz
Alignment   0 - 22.30 bytes/cycle - 72.69 GiB/sec @ 3.5 ghz
Average       - 21.58 bytes/cycle - 70.35 GiB/sec @ 3.5 ghz
Alignment rnd - 20.34 bytes/cycle - 66.30 GiB/sec @ 3.5 ghz

Verification value is 0x00000001 - Testing took 30.535990 seconds

load after chainhash-256: { 4.97 9.00 7.99 }
--- Testing chainhash-1k "ChainHash (GF(2^64) carry-less PH with strided word pairing + three-key injective chain + degree-5 finalizer behind an additive twist), 1024-byte blocks, 2 sub-blocks per block" [hwpmull]

[[[ Sanity Tests ]]]

Verification value LE 0x7A1ED2E0 ...... PASS
Running sanity check 1       .......... PASS
Running sanity check 2       .......... PASS
Running append zeroes test   .......... PASS
Running prepend zeroes test  .......... PASS
Running thread-safety test 1 .......... PASS
Running thread-safety test 2 .......... PASS

[[[ Speed Tests ]]]

Small key speed test - [1, 31]-byte keys
   1-byte keys -    75.80 cycles/hash
   2-byte keys -    73.63 cycles/hash
   3-byte keys -    75.80 cycles/hash
   4-byte keys -    73.63 cycles/hash
   5-byte keys -    73.63 cycles/hash
   6-byte keys -    73.63 cycles/hash
   7-byte keys -    71.47 cycles/hash
   8-byte keys -    72.33 cycles/hash
   9-byte keys -    76.67 cycles/hash
  10-byte keys -    76.67 cycles/hash
  11-byte keys -    76.67 cycles/hash
  12-byte keys -    74.93 cycles/hash
  13-byte keys -    77.10 cycles/hash
  14-byte keys -    77.31 cycles/hash
  15-byte keys -    74.93 cycles/hash
  16-byte keys -    72.55 cycles/hash
  17-byte keys -    72.55 cycles/hash
  18-byte keys -    74.72 cycles/hash
  19-byte keys -    74.72 cycles/hash
  20-byte keys -    71.25 cycles/hash
  21-byte keys -    71.25 cycles/hash
  22-byte keys -    74.07 cycles/hash
  23-byte keys -    74.07 cycles/hash
  24-byte keys -    73.42 cycles/hash
  25-byte keys -    72.98 cycles/hash
  26-byte keys -    72.98 cycles/hash
  27-byte keys -    70.82 cycles/hash
  28-byte keys -    73.20 cycles/hash
  29-byte keys -    71.03 cycles/hash
  30-byte keys -    74.07 cycles/hash
  31-byte keys -    73.42 cycles/hash
Average        -    73.91 cycles/hash
 rnd-byte keys -    74.17 cycles/hash

Bulk speed test - 262144-byte keys
Alignment   7 - 17.93 bytes/cycle - 58.46 GiB/sec @ 3.5 ghz
Alignment   6 - 17.93 bytes/cycle - 58.46 GiB/sec @ 3.5 ghz
Alignment   5 - 17.93 bytes/cycle - 58.46 GiB/sec @ 3.5 ghz
Alignment   4 - 17.93 bytes/cycle - 58.46 GiB/sec @ 3.5 ghz
Alignment   3 - 17.93 bytes/cycle - 58.46 GiB/sec @ 3.5 ghz
Alignment   2 - 17.93 bytes/cycle - 58.46 GiB/sec @ 3.5 ghz
Alignment   1 - 17.93 bytes/cycle - 58.46 GiB/sec @ 3.5 ghz
Alignment   0 - 17.93 bytes/cycle - 58.46 GiB/sec @ 3.5 ghz
Average       - 17.93 bytes/cycle - 58.46 GiB/sec @ 3.5 ghz
Alignment rnd - 17.93 bytes/cycle - 58.46 GiB/sec @ 3.5 ghz

Bulk speed test - [262017, 262144]-byte keys
Alignment   7 - 17.93 bytes/cycle - 58.44 GiB/sec @ 3.5 ghz
Alignment   6 - 17.93 bytes/cycle - 58.44 GiB/sec @ 3.5 ghz
Alignment   5 - 17.93 bytes/cycle - 58.44 GiB/sec @ 3.5 ghz
Alignment   4 - 17.93 bytes/cycle - 58.44 GiB/sec @ 3.5 ghz
Alignment   3 - 17.93 bytes/cycle - 58.44 GiB/sec @ 3.5 ghz
Alignment   2 - 17.93 bytes/cycle - 58.44 GiB/sec @ 3.5 ghz
Alignment   1 - 17.93 bytes/cycle - 58.44 GiB/sec @ 3.5 ghz
Alignment   0 - 17.93 bytes/cycle - 58.44 GiB/sec @ 3.5 ghz
Average       - 17.93 bytes/cycle - 58.44 GiB/sec @ 3.5 ghz
Alignment rnd - 17.48 bytes/cycle - 56.99 GiB/sec @ 3.5 ghz

Verification value is 0x00000001 - Testing took 34.970775 seconds

load after chainhash-1k: { 4.54 8.43 7.82 }
M2_DONE
