--- Testing chainhash-256 "ChainHash (GF(2^64) carry-less PH with strided word pairing + three-key injective chain + degree-5 finalizer behind an additive twist), 256-byte blocks" [hwpmull]

[[[ Sanity Tests ]]]

Verification value LE 0xBFC38A57 ...... PASS
Running sanity check 1       .......... PASS
Running sanity check 2       .......... PASS
Running append zeroes test   .......... PASS
Running prepend zeroes test  .......... PASS
Running thread-safety test 1 .......... PASS
Running thread-safety test 2 .......... PASS

[[[ Speed Tests ]]]

Small key speed test - [1, 31]-byte keys
   1-byte keys -    48.88 cycles/hash
   2-byte keys -    48.88 cycles/hash
   3-byte keys -    48.60 cycles/hash
   4-byte keys -    47.36 cycles/hash
   5-byte keys -    47.36 cycles/hash
   6-byte keys -    47.49 cycles/hash
   7-byte keys -    47.36 cycles/hash
   8-byte keys -    45.69 cycles/hash
   9-byte keys -    48.60 cycles/hash
  10-byte keys -    48.46 cycles/hash
  11-byte keys -    49.29 cycles/hash
  12-byte keys -    49.02 cycles/hash
  13-byte keys -    49.02 cycles/hash
  14-byte keys -    49.16 cycles/hash
  15-byte keys -    49.16 cycles/hash
  16-byte keys -    46.66 cycles/hash
  17-byte keys -    48.33 cycles/hash
  18-byte keys -    48.33 cycles/hash
  19-byte keys -    47.08 cycles/hash
  20-byte keys -    45.56 cycles/hash
  21-byte keys -    46.94 cycles/hash
  22-byte keys -    46.94 cycles/hash
  23-byte keys -    46.94 cycles/hash
  24-byte keys -    46.94 cycles/hash
  25-byte keys -    46.94 cycles/hash
  26-byte keys -    46.94 cycles/hash
  27-byte keys -    46.94 cycles/hash
  28-byte keys -    46.94 cycles/hash
  29-byte keys -    46.94 cycles/hash
  30-byte keys -    46.94 cycles/hash
  31-byte keys -    46.94 cycles/hash
Average        -    47.63 cycles/hash
 rnd-byte keys -    47.87 cycles/hash

Bulk speed test - 262144-byte keys
Alignment   7 - 31.56 bytes/cycle - 102.86 GiB/sec @ 3.5 ghz
Alignment   6 - 31.56 bytes/cycle - 102.86 GiB/sec @ 3.5 ghz
Alignment   5 - 31.56 bytes/cycle - 102.86 GiB/sec @ 3.5 ghz
Alignment   4 - 31.56 bytes/cycle - 102.86 GiB/sec @ 3.5 ghz
Alignment   3 - 31.56 bytes/cycle - 102.86 GiB/sec @ 3.5 ghz
Alignment   2 - 31.56 bytes/cycle - 102.86 GiB/sec @ 3.5 ghz
Alignment   1 - 36.07 bytes/cycle - 117.57 GiB/sec @ 3.5 ghz
Alignment   0 - 36.07 bytes/cycle - 117.57 GiB/sec @ 3.5 ghz
Average       - 32.68 bytes/cycle - 106.54 GiB/sec @ 3.5 ghz
Alignment rnd - 33.66 bytes/cycle - 109.73 GiB/sec @ 3.5 ghz

Bulk speed test - [262017, 262144]-byte keys
Alignment   7 - 31.86 bytes/cycle - 103.85 GiB/sec @ 3.5 ghz
Alignment   6 - 32.08 bytes/cycle - 104.58 GiB/sec @ 3.5 ghz
Alignment   5 - 32.02 bytes/cycle - 104.37 GiB/sec @ 3.5 ghz
Alignment   4 - 32.05 bytes/cycle - 104.47 GiB/sec @ 3.5 ghz
Alignment   3 - 32.21 bytes/cycle - 104.99 GiB/sec @ 3.5 ghz
Alignment   2 - 31.99 bytes/cycle - 104.27 GiB/sec @ 3.5 ghz
Alignment   1 - 32.40 bytes/cycle - 105.63 GiB/sec @ 3.5 ghz
Alignment   0 - 34.01 bytes/cycle - 110.85 GiB/sec @ 3.5 ghz
Average       - 32.33 bytes/cycle - 105.38 GiB/sec @ 3.5 ghz
Alignment rnd - 31.55 bytes/cycle - 102.83 GiB/sec @ 3.5 ghz

Verification value is 0x00000001 - Testing took 32.831012 seconds

