--- Testing chainhash-1k "ChainHash (GF(2^64) carry-less PH with strided word pairing + three-key injective chain + degree-5 finalizer behind an additive twist), 1024-byte blocks, 2 sub-blocks per block" [hwpmull]

[[[ Sanity Tests ]]]

Verification value LE 0x710CF02B ...... PASS
Running sanity check 1       .......... PASS
Running sanity check 2       .......... PASS
Running append zeroes test   .......... PASS
Running prepend zeroes test  .......... PASS
Running thread-safety test 1 .......... PASS
Running thread-safety test 2 .......... PASS

[[[ Speed Tests ]]]

Small key speed test - [1, 31]-byte keys
   1-byte keys -    76.56 cycles/hash
   2-byte keys -    77.65 cycles/hash
   3-byte keys -    77.43 cycles/hash
   4-byte keys -    74.82 cycles/hash
   5-byte keys -    74.82 cycles/hash
   6-byte keys -    75.69 cycles/hash
   7-byte keys -    74.82 cycles/hash
   8-byte keys -    73.08 cycles/hash
   9-byte keys -    74.82 cycles/hash
  10-byte keys -    75.91 cycles/hash
  11-byte keys -    74.82 cycles/hash
  12-byte keys -    74.17 cycles/hash
  13-byte keys -    75.26 cycles/hash
  14-byte keys -    75.26 cycles/hash
  15-byte keys -    74.39 cycles/hash
  16-byte keys -    70.91 cycles/hash
  17-byte keys -    76.35 cycles/hash
  18-byte keys -    76.35 cycles/hash
  19-byte keys -    76.35 cycles/hash
  20-byte keys -    73.52 cycles/hash
  21-byte keys -    74.61 cycles/hash
  22-byte keys -    75.26 cycles/hash
  23-byte keys -    74.82 cycles/hash
  24-byte keys -    74.82 cycles/hash
  25-byte keys -    74.17 cycles/hash
  26-byte keys -    72.87 cycles/hash
  27-byte keys -    74.17 cycles/hash
  28-byte keys -    73.74 cycles/hash
  29-byte keys -    74.82 cycles/hash
  30-byte keys -    74.17 cycles/hash
  31-byte keys -    73.30 cycles/hash
Average        -    74.83 cycles/hash
 rnd-byte keys -    75.36 cycles/hash

Bulk speed test - 262144-byte keys
Alignment   7 - 17.86 bytes/cycle - 58.20 GiB/sec @ 3.5 ghz
Alignment   6 - 17.86 bytes/cycle - 58.20 GiB/sec @ 3.5 ghz
Alignment   5 - 17.86 bytes/cycle - 58.20 GiB/sec @ 3.5 ghz
Alignment   4 - 17.86 bytes/cycle - 58.20 GiB/sec @ 3.5 ghz
Alignment   3 - 17.86 bytes/cycle - 58.20 GiB/sec @ 3.5 ghz
Alignment   2 - 17.86 bytes/cycle - 58.20 GiB/sec @ 3.5 ghz
Alignment   1 - 17.86 bytes/cycle - 58.20 GiB/sec @ 3.5 ghz
Alignment   0 - 17.86 bytes/cycle - 58.20 GiB/sec @ 3.5 ghz
Average       - 17.86 bytes/cycle - 58.20 GiB/sec @ 3.5 ghz
Alignment rnd - 17.86 bytes/cycle - 58.20 GiB/sec @ 3.5 ghz

Bulk speed test - [262017, 262144]-byte keys
Alignment   7 - 17.84 bytes/cycle - 58.14 GiB/sec @ 3.5 ghz
Alignment   6 - 17.85 bytes/cycle - 58.19 GiB/sec @ 3.5 ghz
Alignment   5 - 17.77 bytes/cycle - 57.94 GiB/sec @ 3.5 ghz
Alignment   4 - 17.84 bytes/cycle - 58.14 GiB/sec @ 3.5 ghz
Alignment   3 - 17.84 bytes/cycle - 58.14 GiB/sec @ 3.5 ghz
Alignment   2 - 17.82 bytes/cycle - 58.09 GiB/sec @ 3.5 ghz
Alignment   1 - 17.82 bytes/cycle - 58.09 GiB/sec @ 3.5 ghz
Alignment   0 - 17.85 bytes/cycle - 58.19 GiB/sec @ 3.5 ghz
Average       - 17.83 bytes/cycle - 58.11 GiB/sec @ 3.5 ghz
Alignment rnd - 16.58 bytes/cycle - 54.04 GiB/sec @ 3.5 ghz

Verification value is 0x00000001 - Testing took 36.793475 seconds

