--- Testing chainhash-1k "ChainHash (GF(2^64) carry-less PH with strided word pairing + three-key injective chain + degree-5 finalizer behind an additive twist), 1024-byte blocks, 2 sub-blocks per block" [hwpmull]

[[[ Sanity Tests ]]]

Verification value LE 0x710CF02B ...... PASS
Running sanity check 1       .......... PASS
Running sanity check 2       .......... PASS
Running append zeroes test   .......... PASS
Running prepend zeroes test  .......... PASS
Running thread-safety test 1 .......... PASS
Running thread-safety test 2 .......... PASS

[[[ Speed Tests ]]]

Small key speed test - [1, 31]-byte keys
   1-byte keys -    75.97 cycles/hash
   2-byte keys -    76.19 cycles/hash
   3-byte keys -    76.19 cycles/hash
   4-byte keys -    73.97 cycles/hash
   5-byte keys -    73.74 cycles/hash
   6-byte keys -    73.97 cycles/hash
   7-byte keys -    73.74 cycles/hash
   8-byte keys -    72.18 cycles/hash
   9-byte keys -    74.19 cycles/hash
  10-byte keys -    74.19 cycles/hash
  11-byte keys -    74.19 cycles/hash
  12-byte keys -    73.74 cycles/hash
  13-byte keys -    73.97 cycles/hash
  14-byte keys -    73.97 cycles/hash
  15-byte keys -    73.97 cycles/hash
  16-byte keys -    70.40 cycles/hash
  17-byte keys -    74.86 cycles/hash
  18-byte keys -    75.08 cycles/hash
  19-byte keys -    75.08 cycles/hash
  20-byte keys -    72.63 cycles/hash
  21-byte keys -    72.63 cycles/hash
  22-byte keys -    72.85 cycles/hash
  23-byte keys -    72.85 cycles/hash
  24-byte keys -    72.85 cycles/hash
  25-byte keys -    72.63 cycles/hash
  26-byte keys -    72.63 cycles/hash
  27-byte keys -    72.85 cycles/hash
  28-byte keys -    72.63 cycles/hash
  29-byte keys -    72.85 cycles/hash
  30-byte keys -    72.63 cycles/hash
  31-byte keys -    72.63 cycles/hash
Average        -    73.62 cycles/hash
 rnd-byte keys -    73.84 cycles/hash

Bulk speed test - 262144-byte keys
Alignment   7 - 17.43 bytes/cycle - 56.83 GiB/sec @ 3.5 ghz
Alignment   6 - 17.43 bytes/cycle - 56.83 GiB/sec @ 3.5 ghz
Alignment   5 - 17.43 bytes/cycle - 56.83 GiB/sec @ 3.5 ghz
Alignment   4 - 17.43 bytes/cycle - 56.83 GiB/sec @ 3.5 ghz
Alignment   3 - 17.43 bytes/cycle - 56.83 GiB/sec @ 3.5 ghz
Alignment   2 - 17.43 bytes/cycle - 56.83 GiB/sec @ 3.5 ghz
Alignment   1 - 17.43 bytes/cycle - 56.83 GiB/sec @ 3.5 ghz
Alignment   0 - 17.43 bytes/cycle - 56.83 GiB/sec @ 3.5 ghz
Average       - 17.43 bytes/cycle - 56.83 GiB/sec @ 3.5 ghz
Alignment rnd - 17.43 bytes/cycle - 56.83 GiB/sec @ 3.5 ghz

Bulk speed test - [262017, 262144]-byte keys
Alignment   7 - 17.40 bytes/cycle - 56.71 GiB/sec @ 3.5 ghz
Alignment   6 - 17.40 bytes/cycle - 56.71 GiB/sec @ 3.5 ghz
Alignment   5 - 17.38 bytes/cycle - 56.66 GiB/sec @ 3.5 ghz
Alignment   4 - 17.40 bytes/cycle - 56.71 GiB/sec @ 3.5 ghz
Alignment   3 - 17.29 bytes/cycle - 56.37 GiB/sec @ 3.5 ghz
Alignment   2 - 17.37 bytes/cycle - 56.62 GiB/sec @ 3.5 ghz
Alignment   1 - 17.37 bytes/cycle - 56.62 GiB/sec @ 3.5 ghz
Alignment   0 - 17.43 bytes/cycle - 56.81 GiB/sec @ 3.5 ghz
Average       - 17.38 bytes/cycle - 56.65 GiB/sec @ 3.5 ghz
Alignment rnd - 16.56 bytes/cycle - 53.98 GiB/sec @ 3.5 ghz

Verification value is 0x00000001 - Testing took 38.461492 seconds

