--- Testing chainhash-256 "ChainHash (GF(2^64) carry-less PH with strided word pairing + three-key injective chain + degree-5 finalizer behind an additive twist), 256-byte blocks" [hwpmull]

[[[ Sanity Tests ]]]

Verification value LE 0xBFC38A57 ...... PASS
Running sanity check 1       .......... PASS
Running sanity check 2       .......... PASS
Running append zeroes test   .......... PASS
Running prepend zeroes test  .......... PASS
Running thread-safety test 1 .......... PASS
Running thread-safety test 2 .......... PASS

[[[ Speed Tests ]]]

Small key speed test - [1, 31]-byte keys
   1-byte keys -    72.02 cycles/hash
   2-byte keys -    72.02 cycles/hash
   3-byte keys -    72.24 cycles/hash
   4-byte keys -    70.26 cycles/hash
   5-byte keys -    70.04 cycles/hash
   6-byte keys -    70.04 cycles/hash
   7-byte keys -    69.82 cycles/hash
   8-byte keys -    68.50 cycles/hash
   9-byte keys -    72.46 cycles/hash
  10-byte keys -    72.68 cycles/hash
  11-byte keys -    72.46 cycles/hash
  12-byte keys -    72.46 cycles/hash
  13-byte keys -    72.46 cycles/hash
  14-byte keys -    72.24 cycles/hash
  15-byte keys -    72.46 cycles/hash
  16-byte keys -    68.72 cycles/hash
  17-byte keys -    71.36 cycles/hash
  18-byte keys -    71.36 cycles/hash
  19-byte keys -    71.14 cycles/hash
  20-byte keys -    69.38 cycles/hash
  21-byte keys -    69.38 cycles/hash
  22-byte keys -    69.38 cycles/hash
  23-byte keys -    69.16 cycles/hash
  24-byte keys -    69.38 cycles/hash
  25-byte keys -    69.38 cycles/hash
  26-byte keys -    69.38 cycles/hash
  27-byte keys -    69.38 cycles/hash
  28-byte keys -    69.38 cycles/hash
  29-byte keys -    69.16 cycles/hash
  30-byte keys -    69.38 cycles/hash
  31-byte keys -    69.38 cycles/hash
Average        -    70.54 cycles/hash
 rnd-byte keys -    71.01 cycles/hash

Bulk speed test - 262144-byte keys
Alignment   7 - 22.74 bytes/cycle - 74.14 GiB/sec @ 3.5 ghz
Alignment   6 - 22.74 bytes/cycle - 74.14 GiB/sec @ 3.5 ghz
Alignment   5 - 22.74 bytes/cycle - 74.14 GiB/sec @ 3.5 ghz
Alignment   4 - 22.74 bytes/cycle - 74.14 GiB/sec @ 3.5 ghz
Alignment   3 - 22.74 bytes/cycle - 74.14 GiB/sec @ 3.5 ghz
Alignment   2 - 22.74 bytes/cycle - 74.14 GiB/sec @ 3.5 ghz
Alignment   1 - 22.74 bytes/cycle - 74.14 GiB/sec @ 3.5 ghz
Alignment   0 - 22.74 bytes/cycle - 74.14 GiB/sec @ 3.5 ghz
Average       - 22.74 bytes/cycle - 74.14 GiB/sec @ 3.5 ghz
Alignment rnd - 22.74 bytes/cycle - 74.14 GiB/sec @ 3.5 ghz

Bulk speed test - [262017, 262144]-byte keys
Alignment   7 - 22.51 bytes/cycle - 73.38 GiB/sec @ 3.5 ghz
Alignment   6 - 22.56 bytes/cycle - 73.54 GiB/sec @ 3.5 ghz
Alignment   5 - 22.69 bytes/cycle - 73.95 GiB/sec @ 3.5 ghz
Alignment   4 - 22.66 bytes/cycle - 73.87 GiB/sec @ 3.5 ghz
Alignment   3 - 22.66 bytes/cycle - 73.87 GiB/sec @ 3.5 ghz
Alignment   2 - 22.69 bytes/cycle - 73.95 GiB/sec @ 3.5 ghz
Alignment   1 - 22.27 bytes/cycle - 72.58 GiB/sec @ 3.5 ghz
Alignment   0 - 22.61 bytes/cycle - 73.71 GiB/sec @ 3.5 ghz
Average       - 22.58 bytes/cycle - 73.61 GiB/sec @ 3.5 ghz
Alignment rnd - 20.53 bytes/cycle - 66.91 GiB/sec @ 3.5 ghz

Verification value is 0x00000001 - Testing took 30.302823 seconds

