256B/S=1 seed 0  adjacent 16B, len->a        : 0.65x (width 8 bit 56)
256B/S=1 seed 0  strided 32B, len->a  (now) : 2.20x (width 8 bit 20)  <-- fails
256B/S=1 seed 0  strided 32B, len->a,b       : 0.77x (width 12 bit 5)
256B/S=1 seed 0  strided 32B, len*odd->a     : 0.77x (width 9 bit 23)
256B/S=1 seed 0  adjacent 16B, len->a,b      : 0.54x (width 11 bit 18)
1KB/S=2  seed 0  adjacent 16B, len->a        : 0.76x (width 11 bit 16)
1KB/S=2  seed 0  strided 32B, len->a  (now) : 0.63x (width 11 bit 56)
1KB/S=2  seed 0  strided 32B, len->a,b       : 0.62x (width 8 bit 61)
1KB/S=2  seed 0  strided 32B, len*odd->a     : 0.66x (width 8 bit 23)
1KB/S=2  seed 0  adjacent 16B, len->a,b      : 0.60x (width 11 bit 40)
256B/S=1 seed 1  adjacent 16B, len->a        : 0.69x (width 14 bit 32)
256B/S=1 seed 1  strided 32B, len->a  (now) : 1.03x (width 8 bit 38)
256B/S=1 seed 1  strided 32B, len->a,b       : 0.62x (width 8 bit 52)
256B/S=1 seed 1  strided 32B, len*odd->a     : 0.60x (width 8 bit 6)
256B/S=1 seed 1  adjacent 16B, len->a,b      : 0.57x (width 10 bit 9)
1KB/S=2  seed 1  adjacent 16B, len->a        : 7.62x (width 10 bit 33)  <-- fails
1KB/S=2  seed 1  strided 32B, len->a  (now) : 9.38x (width 10 bit 33)  <-- fails
1KB/S=2  seed 1  strided 32B, len->a,b       : 0.67x (width 10 bit 5)
1KB/S=2  seed 1  strided 32B, len*odd->a     : 0.78x (width 8 bit 20)
1KB/S=2  seed 1  adjacent 16B, len->a,b      : 0.56x (width 10 bit 30)
256B/S=1 seed 2  adjacent 16B, len->a        : 0.73x (width 8 bit 25)
256B/S=1 seed 2  strided 32B, len->a  (now) : 1.24x (width 9 bit 29)
256B/S=1 seed 2  strided 32B, len->a,b       : 0.60x (width 8 bit 44)
256B/S=1 seed 2  strided 32B, len*odd->a     : 0.69x (width 8 bit 59)
256B/S=1 seed 2  adjacent 16B, len->a,b      : 0.54x (width 10 bit 35)
1KB/S=2  seed 2  adjacent 16B, len->a        : 1.05x (width 10 bit 7)
1KB/S=2  seed 2  strided 32B, len->a  (now) : 0.74x (width 10 bit 17)
1KB/S=2  seed 2  strided 32B, len->a,b       : 0.61x (width 8 bit 37)
1KB/S=2  seed 2  strided 32B, len*odd->a     : 0.71x (width 9 bit 16)
1KB/S=2  seed 2  adjacent 16B, len->a,b      : 0.67x (width 8 bit 28)
256B/S=1 seed 3  adjacent 16B, len->a        : 0.52x (width 9 bit 37)
256B/S=1 seed 3  strided 32B, len->a  (now) : 0.92x (width 14 bit 8)
256B/S=1 seed 3  strided 32B, len->a,b       : 0.48x (width 10 bit 43)
256B/S=1 seed 3  strided 32B, len*odd->a     : 0.62x (width 9 bit 45)
256B/S=1 seed 3  adjacent 16B, len->a,b      : 0.53x (width 8 bit 22)
1KB/S=2  seed 3  adjacent 16B, len->a        : 1.04x (width 8 bit 9)
1KB/S=2  seed 3  strided 32B, len->a  (now) : 0.88x (width 9 bit 9)
1KB/S=2  seed 3  strided 32B, len->a,b       : 0.62x (width 14 bit 9)
1KB/S=2  seed 3  strided 32B, len*odd->a     : 0.69x (width 9 bit 10)
1KB/S=2  seed 3  adjacent 16B, len->a,b      : 0.59x (width 8 bit 22)
256B/S=1 seed 4  adjacent 16B, len->a        : 0.64x (width 10 bit 57)
256B/S=1 seed 4  strided 32B, len->a  (now) : 0.66x (width 12 bit 42)
256B/S=1 seed 4  strided 32B, len->a,b       : 0.49x (width 15 bit 29)
256B/S=1 seed 4  strided 32B, len*odd->a     : 0.63x (width 12 bit 5)
256B/S=1 seed 4  adjacent 16B, len->a,b      : 0.38x (width 9 bit 44)
1KB/S=2  seed 4  adjacent 16B, len->a        : 1.51x (width 8 bit 55)  <-- fails
1KB/S=2  seed 4  strided 32B, len->a  (now) : 2.81x (width 9 bit 5)  <-- fails
1KB/S=2  seed 4  strided 32B, len->a,b       : 0.63x (width 12 bit 7)
1KB/S=2  seed 4  strided 32B, len*odd->a     : 0.67x (width 11 bit 23)
1KB/S=2  seed 4  adjacent 16B, len->a,b      : 0.65x (width 12 bit 20)
256B/S=1 seed 5  adjacent 16B, len->a        : 1.25x (width 10 bit 47)
256B/S=1 seed 5  strided 32B, len->a  (now) : 2.08x (width 9 bit 47)  <-- fails
256B/S=1 seed 5  strided 32B, len->a,b       : 0.57x (width 15 bit 27)
256B/S=1 seed 5  strided 32B, len*odd->a     : 0.70x (width 14 bit 30)
256B/S=1 seed 5  adjacent 16B, len->a,b      : 0.53x (width 8 bit 51)
1KB/S=2  seed 5  adjacent 16B, len->a        : 0.72x (width 12 bit 58)
1KB/S=2  seed 5  strided 32B, len->a  (now) : 0.65x (width 11 bit 37)
1KB/S=2  seed 5  strided 32B, len->a,b       : 0.52x (width 11 bit 13)
1KB/S=2  seed 5  strided 32B, len*odd->a     : 0.51x (width 8 bit 26)
1KB/S=2  seed 5  adjacent 16B, len->a,b      : 0.61x (width 14 bit 35)
256B/S=1 seed 6  adjacent 16B, len->a        : 0.96x (width 10 bit 16)
256B/S=1 seed 6  strided 32B, len->a  (now) : 2.29x (width 9 bit 16)  <-- fails
256B/S=1 seed 6  strided 32B, len->a,b       : 0.82x (width 8 bit 20)
256B/S=1 seed 6  strided 32B, len*odd->a     : 0.58x (width 9 bit 45)
256B/S=1 seed 6  adjacent 16B, len->a,b      : 0.58x (width 8 bit 28)
1KB/S=2  seed 6  adjacent 16B, len->a        : 0.67x (width 12 bit 19)
1KB/S=2  seed 6  strided 32B, len->a  (now) : 0.76x (width 12 bit 14)
1KB/S=2  seed 6  strided 32B, len->a,b       : 0.53x (width 9 bit 16)
1KB/S=2  seed 6  strided 32B, len*odd->a     : 0.68x (width 8 bit 59)
1KB/S=2  seed 6  adjacent 16B, len->a,b      : 0.78x (width 9 bit 6)
256B/S=1 seed 7  adjacent 16B, len->a        : 0.60x (width 9 bit 20)
256B/S=1 seed 7  strided 32B, len->a  (now) : 0.78x (width 9 bit 52)
256B/S=1 seed 7  strided 32B, len->a,b       : 0.60x (width 11 bit 53)
256B/S=1 seed 7  strided 32B, len*odd->a     : 0.88x (width 9 bit 25)
256B/S=1 seed 7  adjacent 16B, len->a,b      : 0.45x (width 15 bit 21)
1KB/S=2  seed 7  adjacent 16B, len->a        : 0.62x (width 9 bit 12)
1KB/S=2  seed 7  strided 32B, len->a  (now) : 0.87x (width 8 bit 21)
1KB/S=2  seed 7  strided 32B, len->a,b       : 0.70x (width 8 bit 42)
1KB/S=2  seed 7  strided 32B, len*odd->a     : 0.62x (width 12 bit 46)
1KB/S=2  seed 7  adjacent 16B, len->a,b      : 0.71x (width 8 bit 61)
