256B/S=1 seed 0  adjacent 16B, len->a        : 0.65x (width 8 bit 56)
256B/S=1 seed 0  strided 32B, len->a  (now) : 2.20x (width 8 bit 20)  <-- fails
256B/S=1 seed 0  strided 32B, len->a,b       : 0.77x (width 12 bit 5)
256B/S=1 seed 0  strided 32B, len*odd->a     : 0.77x (width 9 bit 23)
256B/S=1 seed 0  adjacent 16B, len->a,b      : 0.54x (width 11 bit 18)
1KB/S=2  seed 0  adjacent 16B, len->a        : 0.76x (width 11 bit 16)
1KB/S=2  seed 0  strided 32B, len->a  (now) : 0.63x (width 11 bit 56)
1KB/S=2  seed 0  strided 32B, len->a,b       : 0.62x (width 8 bit 61)
1KB/S=2  seed 0  strided 32B, len*odd->a     : 0.66x (width 8 bit 23)
1KB/S=2  seed 0  adjacent 16B, len->a,b      : 0.60x (width 11 bit 40)
256B/S=1 seed 1  adjacent 16B, len->a        : 0.69x (width 14 bit 32)
256B/S=1 seed 1  strided 32B, len->a  (now) : 1.03x (width 8 bit 38)
256B/S=1 seed 1  strided 32B, len->a,b       : 0.62x (width 8 bit 52)
256B/S=1 seed 1  strided 32B, len*odd->a     : 0.60x (width 8 bit 6)
256B/S=1 seed 1  adjacent 16B, len->a,b      : 0.57x (width 10 bit 9)
1KB/S=2  seed 1  adjacent 16B, len->a        : 7.62x (width 10 bit 33)  <-- fails
1KB/S=2  seed 1  strided 32B, len->a  (now) : 9.38x (width 10 bit 33)  <-- fails
1KB/S=2  seed 1  strided 32B, len->a,b       : 0.67x (width 10 bit 5)
1KB/S=2  seed 1  strided 32B, len*odd->a     : 0.78x (width 8 bit 20)
1KB/S=2  seed 1  adjacent 16B, len->a,b      : 0.56x (width 10 bit 30)
256B/S=1 seed 2  adjacent 16B, len->a        : 0.73x (width 8 bit 25)
256B/S=1 seed 2  strided 32B, len->a  (now) : 1.24x (width 9 bit 29)
256B/S=1 seed 2  strided 32B, len->a,b       : 0.60x (width 8 bit 44)
256B/S=1 seed 2  strided 32B, len*odd->a     : 0.69x (width 8 bit 59)
256B/S=1 seed 2  adjacent 16B, len->a,b      : 0.54x (width 10 bit 35)
1KB/S=2  seed 2  adjacent 16B, len->a        : 1.05x (width 10 bit 7)
1KB/S=2  seed 2  strided 32B, len->a  (now) : 0.74x (width 10 bit 17)
1KB/S=2  seed 2  strided 32B, len->a,b       : 0.61x (width 8 bit 37)
1KB/S=2  seed 2  strided 32B, len*odd->a     : 0.71x (width 9 bit 16)
1KB/S=2  seed 2  adjacent 16B, len->a,b      : 0.67x (width 8 bit 28)
256B/S=1 seed 3  adjacent 16B, len->a        : 0.52x (width 9 bit 37)
256B/S=1 seed 3  strided 32B, len->a  (now) : 0.92x (width 14 bit 8)
256B/S=1 seed 3  strided 32B, len->a,b       : 0.48x (width 10 bit 43)
256B/S=1 seed 3  strided 32B, len*odd->a     : 0.62x (width 9 bit 45)
256B/S=1 seed 3  adjacent 16B, len->a,b      : 0.53x (width 8 bit 22)
1KB/S=2  seed 3  adjacent 16B, len->a        : 1.04x (width 8 bit 9)
1KB/S=2  seed 3  strided 32B, len->a  (now) : 0.88x (width 9 bit 9)
1KB/S=2  seed 3  strided 32B, len->a,b       : 0.62x (width 14 bit 9)
1KB/S=2  seed 3  strided 32B, len*odd->a     : 0.69x (width 9 bit 10)
1KB/S=2  seed 3  adjacent 16B, len->a,b      : 0.59x (width 8 bit 22)
256B/S=1 seed 4  adjacent 16B, len->a        : 0.64x (width 10 bit 57)
256B/S=1 seed 4  strided 32B, len->a  (now) : 0.66x (width 12 bit 42)
256B/S=1 seed 4  strided 32B, len->a,b       : 0.49x (width 15 bit 29)
256B/S=1 seed 4  strided 32B, len*odd->a     : 0.63x (width 12 bit 5)
256B/S=1 seed 4  adjacent 16B, len->a,b      : 0.38x (width 9 bit 44)
1KB/S=2  seed 4  adjacent 16B, len->a        : 1.51x (width 8 bit 55)  <-- fails
1KB/S=2  seed 4  strided 32B, len->a  (now) : 2.81x (width 9 bit 5)  <-- fails
1KB/S=2  seed 4  strided 32B, len->a,b       : 0.63x (width 12 bit 7)
1KB/S=2  seed 4  strided 32B, len*odd->a     : 0.67x (width 11 bit 23)
1KB/S=2  seed 4  adjacent 16B, len->a,b      : 0.65x (width 12 bit 20)
256B/S=1 seed 5  adjacent 16B, len->a        : 1.25x (width 10 bit 47)
256B/S=1 seed 5  strided 32B, len->a  (now) : 2.08x (width 9 bit 47)  <-- fails
256B/S=1 seed 5  strided 32B, len->a,b       : 0.57x (width 15 bit 27)
256B/S=1 seed 5  strided 32B, len*odd->a     : 0.70x (width 14 bit 30)
256B/S=1 seed 5  adjacent 16B, len->a,b      : 0.53x (width 8 bit 51)
1KB/S=2  seed 5  adjacent 16B, len->a        : 0.72x (width 12 bit 58)
1KB/S=2  seed 5  strided 32B, len->a  (now) : 0.65x (width 11 bit 37)
1KB/S=2  seed 5  strided 32B, len->a,b       : 0.52x (width 11 bit 13)
1KB/S=2  seed 5  strided 32B, len*odd->a     : 0.51x (width 8 bit 26)
1KB/S=2  seed 5  adjacent 16B, len->a,b      : 0.61x (width 14 bit 35)
256B/S=1 seed 6  adjacent 16B, len->a        : 0.96x (width 10 bit 16)
256B/S=1 seed 6  strided 32B, len->a  (now) : 2.29x (width 9 bit 16)  <-- fails
256B/S=1 seed 6  strided 32B, len->a,b       : 0.82x (width 8 bit 20)
256B/S=1 seed 6  strided 32B, len*odd->a     : 0.58x (width 9 bit 45)
256B/S=1 seed 6  adjacent 16B, len->a,b      : 0.58x (width 8 bit 28)
1KB/S=2  seed 6  adjacent 16B, len->a        : 0.67x (width 12 bit 19)
1KB/S=2  seed 6  strided 32B, len->a  (now) : 0.76x (width 12 bit 14)
1KB/S=2  seed 6  strided 32B, len->a,b       : 0.53x (width 9 bit 16)
1KB/S=2  seed 6  strided 32B, len*odd->a     : 0.68x (width 8 bit 59)
1KB/S=2  seed 6  adjacent 16B, len->a,b      : 0.78x (width 9 bit 6)
256B/S=1 seed 7  adjacent 16B, len->a        : 0.60x (width 9 bit 20)
256B/S=1 seed 7  strided 32B, len->a  (now) : 0.78x (width 9 bit 52)
256B/S=1 seed 7  strided 32B, len->a,b       : 0.60x (width 11 bit 53)
256B/S=1 seed 7  strided 32B, len*odd->a     : 0.88x (width 9 bit 25)
256B/S=1 seed 7  adjacent 16B, len->a,b      : 0.45x (width 15 bit 21)
1KB/S=2  seed 7  adjacent 16B, len->a        : 0.62x (width 9 bit 12)
1KB/S=2  seed 7  strided 32B, len->a  (now) : 0.87x (width 8 bit 21)
1KB/S=2  seed 7  strided 32B, len->a,b       : 0.70x (width 8 bit 42)
1KB/S=2  seed 7  strided 32B, len*odd->a     : 0.62x (width 12 bit 46)
1KB/S=2  seed 7  adjacent 16B, len->a,b      : 0.71x (width 8 bit 61)
256B/S=1 seed 8  adjacent 16B, len->a        : 1.00x (width 8 bit 31)
256B/S=1 seed 8  strided 32B, len->a  (now) : 1.24x (width 9 bit 40)
256B/S=1 seed 8  strided 32B, len->a,b       : 0.51x (width 15 bit 59)
256B/S=1 seed 8  strided 32B, len*odd->a     : 0.65x (width 8 bit 43)
256B/S=1 seed 8  adjacent 16B, len->a,b      : 0.74x (width 11 bit 60)
1KB/S=2  seed 8  adjacent 16B, len->a        : 0.70x (width 9 bit 2)
1KB/S=2  seed 8  strided 32B, len->a  (now) : 1.34x (width 9 bit 6)
1KB/S=2  seed 8  strided 32B, len->a,b       : 0.65x (width 10 bit 37)
1KB/S=2  seed 8  strided 32B, len*odd->a     : 0.66x (width 9 bit 32)
1KB/S=2  seed 8  adjacent 16B, len->a,b      : 0.73x (width 9 bit 18)
256B/S=1 seed 9  adjacent 16B, len->a        : 0.84x (width 8 bit 58)
256B/S=1 seed 9  strided 32B, len->a  (now) : 0.89x (width 11 bit 12)
256B/S=1 seed 9  strided 32B, len->a,b       : 0.70x (width 14 bit 6)
256B/S=1 seed 9  strided 32B, len*odd->a     : 0.54x (width 14 bit 52)
256B/S=1 seed 9  adjacent 16B, len->a,b      : 0.50x (width 11 bit 8)
1KB/S=2  seed 9  adjacent 16B, len->a        : 0.96x (width 8 bit 59)
1KB/S=2  seed 9  strided 32B, len->a  (now) : 0.88x (width 8 bit 57)
1KB/S=2  seed 9  strided 32B, len->a,b       : 0.64x (width 15 bit 56)
1KB/S=2  seed 9  strided 32B, len*odd->a     : 0.66x (width 10 bit 24)
1KB/S=2  seed 9  adjacent 16B, len->a,b      : 0.41x (width 8 bit 6)
256B/S=1 seed 10  adjacent 16B, len->a        : 0.77x (width 9 bit 63)
256B/S=1 seed 10  strided 32B, len->a  (now) : 0.90x (width 8 bit 13)
256B/S=1 seed 10  strided 32B, len->a,b       : 0.59x (width 11 bit 24)
256B/S=1 seed 10  strided 32B, len*odd->a     : 0.72x (width 9 bit 34)
256B/S=1 seed 10  adjacent 16B, len->a,b      : 0.59x (width 13 bit 11)
1KB/S=2  seed 10  adjacent 16B, len->a        : 0.65x (width 10 bit 50)
1KB/S=2  seed 10  strided 32B, len->a  (now) : 0.87x (width 11 bit 27)
1KB/S=2  seed 10  strided 32B, len->a,b       : 0.51x (width 15 bit 43)
1KB/S=2  seed 10  strided 32B, len*odd->a     : 0.58x (width 11 bit 3)
1KB/S=2  seed 10  adjacent 16B, len->a,b      : 0.48x (width 12 bit 20)
256B/S=1 seed 11  adjacent 16B, len->a        : 0.61x (width 9 bit 37)
256B/S=1 seed 11  strided 32B, len->a  (now) : 0.68x (width 10 bit 37)
256B/S=1 seed 11  strided 32B, len->a,b       : 0.60x (width 8 bit 58)
256B/S=1 seed 11  strided 32B, len*odd->a     : 0.52x (width 8 bit 8)
256B/S=1 seed 11  adjacent 16B, len->a,b      : 0.57x (width 8 bit 7)
1KB/S=2  seed 11  adjacent 16B, len->a        : 0.53x (width 9 bit 55)
1KB/S=2  seed 11  strided 32B, len->a  (now) : 0.91x (width 9 bit 63)
1KB/S=2  seed 11  strided 32B, len->a,b       : 0.57x (width 8 bit 33)
1KB/S=2  seed 11  strided 32B, len*odd->a     : 0.70x (width 9 bit 13)
1KB/S=2  seed 11  adjacent 16B, len->a,b      : 0.58x (width 10 bit 56)
256B/S=1 seed 12  adjacent 16B, len->a        : 0.69x (width 9 bit 3)
256B/S=1 seed 12  strided 32B, len->a  (now) : 0.70x (width 12 bit 12)
256B/S=1 seed 12  strided 32B, len->a,b       : 0.64x (width 8 bit 25)
256B/S=1 seed 12  strided 32B, len*odd->a     : 0.54x (width 15 bit 14)
256B/S=1 seed 12  adjacent 16B, len->a,b      : 0.55x (width 8 bit 5)
1KB/S=2  seed 12  adjacent 16B, len->a        : 1.00x (width 8 bit 59)
1KB/S=2  seed 12  strided 32B, len->a  (now) : 2.13x (width 9 bit 34)  <-- fails
1KB/S=2  seed 12  strided 32B, len->a,b       : 0.52x (width 12 bit 30)
1KB/S=2  seed 12  strided 32B, len*odd->a     : 0.69x (width 11 bit 5)
1KB/S=2  seed 12  adjacent 16B, len->a,b      : 0.63x (width 8 bit 39)
256B/S=1 seed 13  adjacent 16B, len->a        : 0.80x (width 12 bit 17)
256B/S=1 seed 13  strided 32B, len->a  (now) : 0.91x (width 13 bit 17)
256B/S=1 seed 13  strided 32B, len->a,b       : 0.65x (width 12 bit 51)
256B/S=1 seed 13  strided 32B, len*odd->a     : 0.73x (width 10 bit 12)
256B/S=1 seed 13  adjacent 16B, len->a,b      : 0.60x (width 8 bit 47)
1KB/S=2  seed 13  adjacent 16B, len->a        : 0.80x (width 8 bit 41)
1KB/S=2  seed 13  strided 32B, len->a  (now) : 1.36x (width 9 bit 57)
1KB/S=2  seed 13  strided 32B, len->a,b       : 0.55x (width 11 bit 9)
1KB/S=2  seed 13  strided 32B, len*odd->a     : 0.49x (width 11 bit 10)
1KB/S=2  seed 13  adjacent 16B, len->a,b      : 0.70x (width 15 bit 56)
256B/S=1 seed 14  adjacent 16B, len->a        : 1.41x (width 10 bit 1)
256B/S=1 seed 14  strided 32B, len->a  (now) : 1.33x (width 10 bit 1)
256B/S=1 seed 14  strided 32B, len->a,b       : 0.66x (width 9 bit 52)
256B/S=1 seed 14  strided 32B, len*odd->a     : 0.64x (width 8 bit 4)
256B/S=1 seed 14  adjacent 16B, len->a,b      : 0.66x (width 9 bit 16)
1KB/S=2  seed 14  adjacent 16B, len->a        : 0.71x (width 8 bit 17)
1KB/S=2  seed 14  strided 32B, len->a  (now) : 0.66x (width 13 bit 44)
1KB/S=2  seed 14  strided 32B, len->a,b       : 0.69x (width 8 bit 55)
1KB/S=2  seed 14  strided 32B, len*odd->a     : 0.65x (width 14 bit 13)
1KB/S=2  seed 14  adjacent 16B, len->a,b      : 0.60x (width 8 bit 1)
256B/S=1 seed 15  adjacent 16B, len->a        : 1.30x (width 8 bit 27)
256B/S=1 seed 15  strided 32B, len->a  (now) : 1.68x (width 9 bit 20)  <-- fails
256B/S=1 seed 15  strided 32B, len->a,b       : 0.60x (width 8 bit 38)
256B/S=1 seed 15  strided 32B, len*odd->a     : 0.73x (width 12 bit 31)
256B/S=1 seed 15  adjacent 16B, len->a,b      : 0.57x (width 8 bit 49)
1KB/S=2  seed 15  adjacent 16B, len->a        : 0.73x (width 9 bit 62)
1KB/S=2  seed 15  strided 32B, len->a  (now) : 0.94x (width 8 bit 60)
1KB/S=2  seed 15  strided 32B, len->a,b       : 0.54x (width 12 bit 20)
1KB/S=2  seed 15  strided 32B, len*odd->a     : 0.61x (width 10 bit 33)
1KB/S=2  seed 15  adjacent 16B, len->a,b      : 0.62x (width 12 bit 14)
256B/S=1 seed 16  adjacent 16B, len->a        : 0.54x (width 8 bit 30)
256B/S=1 seed 16  strided 32B, len->a  (now) : 0.91x (width 8 bit 1)
256B/S=1 seed 16  strided 32B, len->a,b       : 0.67x (width 10 bit 3)
256B/S=1 seed 16  strided 32B, len*odd->a     : 0.61x (width 11 bit 49)
256B/S=1 seed 16  adjacent 16B, len->a,b      : 0.65x (width 8 bit 56)
1KB/S=2  seed 16  adjacent 16B, len->a        : 1.38x (width 9 bit 6)
1KB/S=2  seed 16  strided 32B, len->a  (now) : 1.59x (width 9 bit 6)  <-- fails
1KB/S=2  seed 16  strided 32B, len->a,b       : 0.43x (width 11 bit 43)
1KB/S=2  seed 16  strided 32B, len*odd->a     : 0.47x (width 14 bit 54)
1KB/S=2  seed 16  adjacent 16B, len->a,b      : 0.69x (width 10 bit 11)
256B/S=1 seed 17  adjacent 16B, len->a        : 0.87x (width 9 bit 7)
256B/S=1 seed 17  strided 32B, len->a  (now) : 0.96x (width 10 bit 27)
256B/S=1 seed 17  strided 32B, len->a,b       : 0.44x (width 9 bit 47)
256B/S=1 seed 17  strided 32B, len*odd->a     : 0.61x (width 8 bit 63)
256B/S=1 seed 17  adjacent 16B, len->a,b      : 0.70x (width 11 bit 17)
1KB/S=2  seed 17  adjacent 16B, len->a        : 1.09x (width 13 bit 51)
1KB/S=2  seed 17  strided 32B, len->a  (now) : 1.89x (width 13 bit 51)  <-- fails
1KB/S=2  seed 17  strided 32B, len->a,b       : 0.73x (width 8 bit 51)
1KB/S=2  seed 17  strided 32B, len*odd->a     : 0.66x (width 8 bit 62)
1KB/S=2  seed 17  adjacent 16B, len->a,b      : 0.64x (width 8 bit 48)
256B/S=1 seed 18  adjacent 16B, len->a        : 0.74x (width 14 bit 27)
256B/S=1 seed 18  strided 32B, len->a  (now) : 1.04x (width 10 bit 31)
256B/S=1 seed 18  strided 32B, len->a,b       : 0.60x (width 9 bit 5)
256B/S=1 seed 18  strided 32B, len*odd->a     : 0.70x (width 8 bit 36)
256B/S=1 seed 18  adjacent 16B, len->a,b      : 0.64x (width 10 bit 63)
1KB/S=2  seed 18  adjacent 16B, len->a        : 0.47x (width 8 bit 54)
1KB/S=2  seed 18  strided 32B, len->a  (now) : 1.00x (width 8 bit 10)
1KB/S=2  seed 18  strided 32B, len->a,b       : 0.61x (width 8 bit 9)
1KB/S=2  seed 18  strided 32B, len*odd->a     : 0.67x (width 10 bit 60)
1KB/S=2  seed 18  adjacent 16B, len->a,b      : 0.90x (width 8 bit 55)
256B/S=1 seed 19  adjacent 16B, len->a        : 0.55x (width 8 bit 23)
256B/S=1 seed 19  strided 32B, len->a  (now) : 0.74x (width 8 bit 48)
256B/S=1 seed 19  strided 32B, len->a,b       : 0.58x (width 11 bit 25)
256B/S=1 seed 19  strided 32B, len*odd->a     : 0.73x (width 8 bit 28)
256B/S=1 seed 19  adjacent 16B, len->a,b      : 0.74x (width 11 bit 33)
1KB/S=2  seed 19  adjacent 16B, len->a        : 0.50x (width 10 bit 11)
1KB/S=2  seed 19  strided 32B, len->a  (now) : 0.66x (width 9 bit 30)
1KB/S=2  seed 19  strided 32B, len->a,b       : 0.52x (width 14 bit 55)
1KB/S=2  seed 19  strided 32B, len*odd->a     : 0.57x (width 13 bit 24)
1KB/S=2  seed 19  adjacent 16B, len->a,b      : 0.68x (width 11 bit 16)
256B/S=1 seed 20  adjacent 16B, len->a        : 1.19x (width 9 bit 37)
256B/S=1 seed 20  strided 32B, len->a  (now) : 1.73x (width 8 bit 39)  <-- fails
256B/S=1 seed 20  strided 32B, len->a,b       : 0.72x (width 9 bit 24)
256B/S=1 seed 20  strided 32B, len*odd->a     : 0.41x (width 8 bit 47)
256B/S=1 seed 20  adjacent 16B, len->a,b      : 0.59x (width 12 bit 7)
1KB/S=2  seed 20  adjacent 16B, len->a        : 0.54x (width 10 bit 15)
1KB/S=2  seed 20  strided 32B, len->a  (now) : 0.91x (width 9 bit 53)
1KB/S=2  seed 20  strided 32B, len->a,b       : 0.65x (width 8 bit 55)
1KB/S=2  seed 20  strided 32B, len*odd->a     : 0.59x (width 8 bit 13)
1KB/S=2  seed 20  adjacent 16B, len->a,b      : 0.69x (width 8 bit 19)
256B/S=1 seed 21  adjacent 16B, len->a        : 0.53x (width 10 bit 7)
256B/S=1 seed 21  strided 32B, len->a  (now) : 0.88x (width 10 bit 50)
256B/S=1 seed 21  strided 32B, len->a,b       : 0.62x (width 10 bit 26)
256B/S=1 seed 21  strided 32B, len*odd->a     : 0.66x (width 8 bit 24)
256B/S=1 seed 21  adjacent 16B, len->a,b      : 0.74x (width 8 bit 45)
1KB/S=2  seed 21  adjacent 16B, len->a        : 1.63x (width 9 bit 61)  <-- fails
1KB/S=2  seed 21  strided 32B, len->a  (now) : 1.92x (width 10 bit 61)  <-- fails
1KB/S=2  seed 21  strided 32B, len->a,b       : 0.59x (width 9 bit 63)
1KB/S=2  seed 21  strided 32B, len*odd->a     : 0.92x (width 9 bit 0)
1KB/S=2  seed 21  adjacent 16B, len->a,b      : 0.61x (width 10 bit 40)
256B/S=1 seed 22  adjacent 16B, len->a        : 1.49x (width 9 bit 62)
256B/S=1 seed 22  strided 32B, len->a  (now) : 1.25x (width 9 bit 62)
256B/S=1 seed 22  strided 32B, len->a,b       : 0.67x (width 8 bit 32)
256B/S=1 seed 22  strided 32B, len*odd->a     : 0.73x (width 12 bit 54)
256B/S=1 seed 22  adjacent 16B, len->a,b      : 0.60x (width 9 bit 35)
1KB/S=2  seed 22  adjacent 16B, len->a        : 0.59x (width 10 bit 30)
1KB/S=2  seed 22  strided 32B, len->a  (now) : 0.87x (width 9 bit 3)
1KB/S=2  seed 22  strided 32B, len->a,b       : 0.65x (width 8 bit 36)
1KB/S=2  seed 22  strided 32B, len*odd->a     : 0.72x (width 9 bit 8)
1KB/S=2  seed 22  adjacent 16B, len->a,b      : 0.48x (width 14 bit 58)
256B/S=1 seed 23  adjacent 16B, len->a        : 0.78x (width 8 bit 61)
256B/S=1 seed 23  strided 32B, len->a  (now) : 0.74x (width 11 bit 25)
256B/S=1 seed 23  strided 32B, len->a,b       : 0.68x (width 15 bit 56)
256B/S=1 seed 23  strided 32B, len*odd->a     : 0.54x (width 10 bit 22)
256B/S=1 seed 23  adjacent 16B, len->a,b      : 0.77x (width 8 bit 43)
1KB/S=2  seed 23  adjacent 16B, len->a        : 1.02x (width 9 bit 18)
1KB/S=2  seed 23  strided 32B, len->a  (now) : 2.08x (width 8 bit 18)  <-- fails
1KB/S=2  seed 23  strided 32B, len->a,b       : 0.52x (width 11 bit 28)
1KB/S=2  seed 23  strided 32B, len*odd->a     : 0.56x (width 9 bit 17)
1KB/S=2  seed 23  adjacent 16B, len->a,b      : 0.61x (width 11 bit 42)
256B/S=1 seed 24  adjacent 16B, len->a        : 0.58x (width 14 bit 54)
256B/S=1 seed 24  strided 32B, len->a  (now) : 0.94x (width 8 bit 14)
256B/S=1 seed 24  strided 32B, len->a,b       : 0.66x (width 9 bit 27)
256B/S=1 seed 24  strided 32B, len*odd->a     : 0.81x (width 9 bit 23)
256B/S=1 seed 24  adjacent 16B, len->a,b      : 0.75x (width 10 bit 61)
1KB/S=2  seed 24  adjacent 16B, len->a        : 1.04x (width 10 bit 29)
1KB/S=2  seed 24  strided 32B, len->a  (now) : 1.61x (width 10 bit 29)  <-- fails
1KB/S=2  seed 24  strided 32B, len->a,b       : 0.54x (width 10 bit 17)
1KB/S=2  seed 24  strided 32B, len*odd->a     : 0.85x (width 8 bit 56)
1KB/S=2  seed 24  adjacent 16B, len->a,b      : 0.81x (width 9 bit 30)
256B/S=1 seed 25  adjacent 16B, len->a        : 0.79x (width 10 bit 2)
256B/S=1 seed 25  strided 32B, len->a  (now) : 1.72x (width 8 bit 21)  <-- fails
256B/S=1 seed 25  strided 32B, len->a,b       : 0.50x (width 10 bit 12)
256B/S=1 seed 25  strided 32B, len*odd->a     : 0.78x (width 8 bit 26)
256B/S=1 seed 25  adjacent 16B, len->a,b      : 0.42x (width 11 bit 50)
1KB/S=2  seed 25  adjacent 16B, len->a        : 1.43x (width 10 bit 40)
1KB/S=2  seed 25  strided 32B, len->a  (now) : 1.68x (width 11 bit 40)  <-- fails
1KB/S=2  seed 25  strided 32B, len->a,b       : 0.63x (width 8 bit 4)
1KB/S=2  seed 25  strided 32B, len*odd->a     : 0.66x (width 13 bit 39)
1KB/S=2  seed 25  adjacent 16B, len->a,b      : 0.60x (width 11 bit 7)
256B/S=1 seed 26  adjacent 16B, len->a        : 0.69x (width 11 bit 3)
256B/S=1 seed 26  strided 32B, len->a  (now) : 0.90x (width 11 bit 3)
256B/S=1 seed 26  strided 32B, len->a,b       : 0.62x (width 13 bit 58)
256B/S=1 seed 26  strided 32B, len*odd->a     : 0.62x (width 10 bit 13)
256B/S=1 seed 26  adjacent 16B, len->a,b      : 0.69x (width 15 bit 52)
1KB/S=2  seed 26  adjacent 16B, len->a        : 0.71x (width 11 bit 28)
1KB/S=2  seed 26  strided 32B, len->a  (now) : 0.96x (width 9 bit 17)
1KB/S=2  seed 26  strided 32B, len->a,b       : 0.75x (width 9 bit 3)
1KB/S=2  seed 26  strided 32B, len*odd->a     : 0.52x (width 12 bit 61)
1KB/S=2  seed 26  adjacent 16B, len->a,b      : 0.75x (width 9 bit 32)
256B/S=1 seed 27  adjacent 16B, len->a        : 0.94x (width 8 bit 36)
256B/S=1 seed 27  strided 32B, len->a  (now) : 2.00x (width 14 bit 16)  <-- fails
256B/S=1 seed 27  strided 32B, len->a,b       : 0.60x (width 9 bit 46)
256B/S=1 seed 27  strided 32B, len*odd->a     : 0.49x (width 8 bit 23)
256B/S=1 seed 27  adjacent 16B, len->a,b      : 0.54x (width 12 bit 52)
1KB/S=2  seed 27  adjacent 16B, len->a        : 0.69x (width 8 bit 16)
1KB/S=2  seed 27  strided 32B, len->a  (now) : 0.66x (width 8 bit 16)
1KB/S=2  seed 27  strided 32B, len->a,b       : 0.78x (width 9 bit 32)
1KB/S=2  seed 27  strided 32B, len*odd->a     : 0.72x (width 15 bit 7)
1KB/S=2  seed 27  adjacent 16B, len->a,b      : 0.62x (width 12 bit 47)
256B/S=1 seed 28  adjacent 16B, len->a        : 1.51x (width 10 bit 61)  <-- fails
256B/S=1 seed 28  strided 32B, len->a  (now) : 2.67x (width 12 bit 0)  <-- fails
256B/S=1 seed 28  strided 32B, len->a,b       : 0.52x (width 12 bit 43)
256B/S=1 seed 28  strided 32B, len*odd->a     : 0.53x (width 13 bit 22)
256B/S=1 seed 28  adjacent 16B, len->a,b      : 0.81x (width 8 bit 57)
1KB/S=2  seed 28  adjacent 16B, len->a        : 0.86x (width 12 bit 42)
1KB/S=2  seed 28  strided 32B, len->a  (now) : 0.80x (width 8 bit 10)
1KB/S=2  seed 28  strided 32B, len->a,b       : 0.64x (width 8 bit 60)
1KB/S=2  seed 28  strided 32B, len*odd->a     : 0.61x (width 8 bit 28)
1KB/S=2  seed 28  adjacent 16B, len->a,b      : 0.58x (width 9 bit 35)
256B/S=1 seed 29  adjacent 16B, len->a        : 1.76x (width 15 bit 7)  <-- fails
256B/S=1 seed 29  strided 32B, len->a  (now) : 2.61x (width 10 bit 47)  <-- fails
256B/S=1 seed 29  strided 32B, len->a,b       : 0.60x (width 13 bit 16)
256B/S=1 seed 29  strided 32B, len*odd->a     : 0.67x (width 8 bit 7)
256B/S=1 seed 29  adjacent 16B, len->a,b      : 0.62x (width 15 bit 30)
1KB/S=2  seed 29  adjacent 16B, len->a        : 0.59x (width 10 bit 17)
1KB/S=2  seed 29  strided 32B, len->a  (now) : 2.45x (width 12 bit 48)  <-- fails
1KB/S=2  seed 29  strided 32B, len->a,b       : 0.70x (width 11 bit 62)
1KB/S=2  seed 29  strided 32B, len*odd->a     : 0.72x (width 12 bit 56)
1KB/S=2  seed 29  adjacent 16B, len->a,b      : 0.56x (width 9 bit 49)
256B/S=1 seed 30  adjacent 16B, len->a        : 0.60x (width 8 bit 19)
256B/S=1 seed 30  strided 32B, len->a  (now) : 0.91x (width 8 bit 39)
256B/S=1 seed 30  strided 32B, len->a,b       : 0.65x (width 13 bit 19)
256B/S=1 seed 30  strided 32B, len*odd->a     : 0.63x (width 12 bit 25)
256B/S=1 seed 30  adjacent 16B, len->a,b      : 0.53x (width 9 bit 54)
1KB/S=2  seed 30  adjacent 16B, len->a        : 0.61x (width 9 bit 10)
1KB/S=2  seed 30  strided 32B, len->a  (now) : 0.70x (width 10 bit 52)
1KB/S=2  seed 30  strided 32B, len->a,b       : 0.43x (width 13 bit 43)
1KB/S=2  seed 30  strided 32B, len*odd->a     : 0.54x (width 8 bit 9)
1KB/S=2  seed 30  adjacent 16B, len->a,b      : 0.61x (width 9 bit 0)
256B/S=1 seed 31  adjacent 16B, len->a        : 0.59x (width 13 bit 61)
256B/S=1 seed 31  strided 32B, len->a  (now) : 0.82x (width 10 bit 31)
256B/S=1 seed 31  strided 32B, len->a,b       : 0.68x (width 8 bit 25)
256B/S=1 seed 31  strided 32B, len*odd->a     : 0.77x (width 8 bit 41)
256B/S=1 seed 31  adjacent 16B, len->a,b      : 0.71x (width 11 bit 63)
1KB/S=2  seed 31  adjacent 16B, len->a        : 2.72x (width 9 bit 51)  <-- fails
1KB/S=2  seed 31  strided 32B, len->a  (now) : 2.10x (width 9 bit 51)  <-- fails
1KB/S=2  seed 31  strided 32B, len->a,b       : 0.60x (width 8 bit 4)
1KB/S=2  seed 31  strided 32B, len*odd->a     : 0.67x (width 9 bit 46)
1KB/S=2  seed 31  adjacent 16B, len->a,b      : 0.63x (width 9 bit 3)
